Archive member included to satisfy reference by file (symbol)

/usr/lib/gcc/arm-none-eabi/10.3.1/thumb/v6-m/nofp/libgcc.a(_dvmd_tls.o)
                              CMakeFiles/blink.dir/home/charpoan/pico-sdk/src/rp2_common/pico_divider/divider.S.obj (__aeabi_idiv0)
/usr/lib/gcc/arm-none-eabi/10.3.1/../../../arm-none-eabi/lib/thumb/v6-m/nofp/libc.a(lib_a-atexit.o)
                              /usr/lib/gcc/arm-none-eabi/10.3.1/../../../arm-none-eabi/lib/thumb/v6-m/nofp/crt0.o (atexit)
/usr/lib/gcc/arm-none-eabi/10.3.1/../../../arm-none-eabi/lib/thumb/v6-m/nofp/libc.a(lib_a-calloc.o)
                              CMakeFiles/blink.dir/home/charpoan/pico-sdk/src/rp2_common/pico_malloc/pico_malloc.c.obj (calloc)
/usr/lib/gcc/arm-none-eabi/10.3.1/../../../arm-none-eabi/lib/thumb/v6-m/nofp/libc.a(lib_a-callocr.o)
                              /usr/lib/gcc/arm-none-eabi/10.3.1/../../../arm-none-eabi/lib/thumb/v6-m/nofp/libc.a(lib_a-calloc.o) (_calloc_r)
/usr/lib/gcc/arm-none-eabi/10.3.1/../../../arm-none-eabi/lib/thumb/v6-m/nofp/libc.a(lib_a-fflush.o)
                              CMakeFiles/blink.dir/main.cpp.obj (fflush)
/usr/lib/gcc/arm-none-eabi/10.3.1/../../../arm-none-eabi/lib/thumb/v6-m/nofp/libc.a(lib_a-findfp.o)
                              /usr/lib/gcc/arm-none-eabi/10.3.1/../../../arm-none-eabi/lib/thumb/v6-m/nofp/libc.a(lib_a-fflush.o) (__sinit)
/usr/lib/gcc/arm-none-eabi/10.3.1/../../../arm-none-eabi/lib/thumb/v6-m/nofp/libc.a(lib_a-fini.o)
                              /usr/lib/gcc/arm-none-eabi/10.3.1/../../../arm-none-eabi/lib/thumb/v6-m/nofp/crt0.o (__libc_fini_array)
/usr/lib/gcc/arm-none-eabi/10.3.1/../../../arm-none-eabi/lib/thumb/v6-m/nofp/libc.a(lib_a-freer.o)
                              /usr/lib/gcc/arm-none-eabi/10.3.1/../../../arm-none-eabi/lib/thumb/v6-m/nofp/libc.a(lib_a-fflush.o) (_free_r)
/usr/lib/gcc/arm-none-eabi/10.3.1/../../../arm-none-eabi/lib/thumb/v6-m/nofp/libc.a(lib_a-fwalk.o)
                              /usr/lib/gcc/arm-none-eabi/10.3.1/../../../arm-none-eabi/lib/thumb/v6-m/nofp/libc.a(lib_a-findfp.o) (_fwalk)
/usr/lib/gcc/arm-none-eabi/10.3.1/../../../arm-none-eabi/lib/thumb/v6-m/nofp/libc.a(lib_a-impure.o)
                              /usr/lib/gcc/arm-none-eabi/10.3.1/../../../arm-none-eabi/lib/thumb/v6-m/nofp/libc.a(lib_a-fflush.o) (_global_impure_ptr)
/usr/lib/gcc/arm-none-eabi/10.3.1/../../../arm-none-eabi/lib/thumb/v6-m/nofp/libc.a(lib_a-init.o)
                              /usr/lib/gcc/arm-none-eabi/10.3.1/../../../arm-none-eabi/lib/thumb/v6-m/nofp/crt0.o (__libc_init_array)
/usr/lib/gcc/arm-none-eabi/10.3.1/../../../arm-none-eabi/lib/thumb/v6-m/nofp/libc.a(lib_a-malloc.o)
                              CMakeFiles/blink.dir/home/charpoan/pico-sdk/src/rp2_common/pico_malloc/pico_malloc.c.obj (malloc)
/usr/lib/gcc/arm-none-eabi/10.3.1/../../../arm-none-eabi/lib/thumb/v6-m/nofp/libc.a(lib_a-mallocr.o)
                              /usr/lib/gcc/arm-none-eabi/10.3.1/../../../arm-none-eabi/lib/thumb/v6-m/nofp/libc.a(lib_a-callocr.o) (_malloc_r)
/usr/lib/gcc/arm-none-eabi/10.3.1/../../../arm-none-eabi/lib/thumb/v6-m/nofp/libc.a(lib_a-mlock.o)
                              /usr/lib/gcc/arm-none-eabi/10.3.1/../../../arm-none-eabi/lib/thumb/v6-m/nofp/libc.a(lib_a-freer.o) (__malloc_lock)
/usr/lib/gcc/arm-none-eabi/10.3.1/../../../arm-none-eabi/lib/thumb/v6-m/nofp/libc.a(lib_a-realloc.o)
                              CMakeFiles/blink.dir/home/charpoan/pico-sdk/src/rp2_common/pico_malloc/pico_malloc.c.obj (realloc)
/usr/lib/gcc/arm-none-eabi/10.3.1/../../../arm-none-eabi/lib/thumb/v6-m/nofp/libc.a(lib_a-reallocr.o)
                              /usr/lib/gcc/arm-none-eabi/10.3.1/../../../arm-none-eabi/lib/thumb/v6-m/nofp/libc.a(lib_a-realloc.o) (_realloc_r)
/usr/lib/gcc/arm-none-eabi/10.3.1/../../../arm-none-eabi/lib/thumb/v6-m/nofp/libc.a(lib_a-sbrkr.o)
                              /usr/lib/gcc/arm-none-eabi/10.3.1/../../../arm-none-eabi/lib/thumb/v6-m/nofp/libc.a(lib_a-freer.o) (_sbrk_r)
/usr/lib/gcc/arm-none-eabi/10.3.1/../../../arm-none-eabi/lib/thumb/v6-m/nofp/libc.a(lib_a-scanf.o)
                              CMakeFiles/blink.dir/main.cpp.obj (scanf)
/usr/lib/gcc/arm-none-eabi/10.3.1/../../../arm-none-eabi/lib/thumb/v6-m/nofp/libc.a(lib_a-stdio.o)
                              /usr/lib/gcc/arm-none-eabi/10.3.1/../../../arm-none-eabi/lib/thumb/v6-m/nofp/libc.a(lib_a-findfp.o) (__sread)
/usr/lib/gcc/arm-none-eabi/10.3.1/../../../arm-none-eabi/lib/thumb/v6-m/nofp/libc.a(lib_a-strlen-stub.o)
                              CMakeFiles/blink.dir/home/charpoan/pico-sdk/src/rp2_common/pico_stdio/stdio.c.obj (strlen)
/usr/lib/gcc/arm-none-eabi/10.3.1/../../../arm-none-eabi/lib/thumb/v6-m/nofp/libc.a(lib_a-vfscanf.o)
                              /usr/lib/gcc/arm-none-eabi/10.3.1/../../../arm-none-eabi/lib/thumb/v6-m/nofp/libc.a(lib_a-scanf.o) (_vfscanf_r)
/usr/lib/gcc/arm-none-eabi/10.3.1/../../../arm-none-eabi/lib/thumb/v6-m/nofp/libc.a(lib_a-writer.o)
[...]
Memory Configuration

Name             Origin             Length             Attributes
FLASH            0x0000000010000000 0x0000000000200000 xr
RAM              0x0000000020000000 0x0000000000040000 xrw
SCRATCH_X        0x0000000020040000 0x0000000000001000 xrw
SCRATCH_Y        0x0000000020041000 0x0000000000001000 xrw
*default*        0x0000000000000000 0xffffffffffffffff

Linker script and memory map

LOAD /usr/lib/gcc/arm-none-eabi/10.3.1/thumb/v6-m/nofp/crti.o
LOAD /usr/lib/gcc/arm-none-eabi/10.3.1/thumb/v6-m/nofp/crtbegin.o
LOAD /usr/lib/gcc/arm-none-eabi/10.3.1/../../../arm-none-eabi/lib/thumb/v6-m/nofp/crt0.o

.flash_begin    0x0000000010000000        0x0
                0x0000000010000000                __flash_binary_start = .

.boot2          0x0000000010000000      0x100
                0x0000000010000000                __boot2_start__ = .
 *(.boot2)
 .boot2         0x0000000010000000      0x100 /tmp/ccS3SAko.o
                0x0000000010000100                __boot2_end__ = .
                0x0000000000000001                ASSERT (((__boot2_end__ - __boot2_start__) == 0x100), ERROR: Pico second stage bootloader must be 256 bytes in size)

.text           0x0000000010000100     0xd0a0
                0x0000000010000100                __logical_binary_start = .
 *(.vectors)
 .vectors       0x0000000010000100       0xd4 CMakeFiles/blink.dir/home/charpoan/pico-sdk/src/rp2_common/pico_standard_link/crt0.S.obj
                0x0000000010000100                __vectors
                0x0000000010000100                __VECTOR_TABLE
                0x00000000100001c0                isr_invalid
                0x00000000100001c0                __default_isrs_start
                0x00000000100001c2                isr_nmi
                0x00000000100001c4                isr_hardfault
                0x00000000100001c6                isr_svcall
                0x00000000100001c8                isr_pendsv
                0x00000000100001ca                isr_systick
                0x00000000100001cc                isr_irq30
                0x00000000100001cc                __unhandled_user_irq
                0x00000000100001cc                isr_irq13
                0x00000000100001cc                isr_irq27
                0x00000000100001cc                isr_irq31
                0x00000000100001cc                isr_irq5
                0x00000000100001cc                isr_irq11
                0x00000000100001cc                isr_irq23
                0x00000000100001cc                isr_irq18
                0x00000000100001cc                isr_irq28
                0x00000000100001cc                isr_irq19
                0x00000000100001cc                isr_irq0
                0x00000000100001cc                isr_irq6
                0x00000000100001cc                isr_irq22
                0x00000000100001cc                isr_irq17
                0x00000000100001cc                isr_irq14
                0x00000000100001cc                isr_irq2
                0x00000000100001cc                isr_irq10
                0x00000000100001cc                isr_irq8
                0x00000000100001cc                isr_irq24
                0x00000000100001cc                isr_irq1
                0x00000000100001cc                isr_irq7
                0x00000000100001cc                isr_irq21
                0x00000000100001cc                isr_irq20
                0x00000000100001cc                isr_irq15
                0x00000000100001cc                isr_irq25
                0x00000000100001cc                isr_irq4
                0x00000000100001cc                isr_irq16
                0x00000000100001cc                isr_irq29
                0x00000000100001cc                isr_irq26
                0x00000000100001cc                __default_isrs_end
                0x00000000100001cc                isr_irq3
                0x00000000100001cc                isr_irq12
                0x00000000100001cc                isr_irq9
                0x00000000100001d2                unhandled_user_irq_num_in_r0
 *(.binary_info_header)
 .binary_info_header
                0x00000000100001d4       0x14 CMakeFiles/blink.dir/home/charpoan/pico-sdk/src/rp2_common/pico_standard_link/crt0.S.obj
                0x00000000100001e8                __binary_info_header_end = .
 *(.reset)
 .reset         0x00000000100001e8       0xa8 CMakeFiles/blink.dir/home/charpoan/pico-sdk/src/rp2_common/pico_standard_link/crt0.S.obj
                0x00000000100001e8                _entry_point
                0x0000000010000266                __get_current_exception
 .reset         0x0000000010000290       0x30 CMakeFiles/blink.dir/home/charpoan/pico-sdk/src/rp2_common/pico_standard_link/binary_info.c.obj
 *(.init)
 .init          0x00000000100002c0        0x4 /usr/lib/gcc/arm-none-eabi/10.3.1/thumb/v6-m/nofp/crti.o
                0x00000000100002c0                _init
 *(EXCLUDE_FILE(*libm.a: *libc.a:*lib_a-mem*.o *libgcc.a:) .text*)
 .text          0x00000000100002c4       0x98 /usr/lib/gcc/arm-none-eabi/10.3.1/thumb/v6-m/nofp/crtbegin.o
 .text.adc_gpio_init
                0x000000001000035c       0x20 CMakeFiles/blink.dir/main.cpp.obj
 .text._Z12MotorControlv
                0x000000001000037c      0x290 CMakeFiles/blink.dir/main.cpp.obj
                0x000000001000037c                MotorControl()
 .text.startup.main
                0x000000001000060c       0x50 CMakeFiles/blink.dir/main.cpp.obj
                0x000000001000060c                main
 .text.gpio_set_function
                0x000000001000065c       0x30 CMakeFiles/blink.dir/home/charpoan/pico-sdk/src/rp2_common/hardware_gpio/gpio.c.obj
                0x000000001000065c                gpio_set_function
 .text.gpio_set_pulls
                0x000000001000068c       0x30 CMakeFiles/blink.dir/home/charpoan/pico-sdk/src/rp2_common/hardware_gpio/gpio.c.obj
                0x000000001000068c                gpio_set_pulls
 .text.gpio_set_input_enabled
                0x00000000100006bc       0x28 CMakeFiles/blink.dir/home/charpoan/pico-sdk/src/rp2_common/hardware_gpio/gpio.c.obj
                0x00000000100006bc                gpio_set_input_enabled
 .text.gpio_init
                0x00000000100006e4       0x3c CMakeFiles/blink.dir/home/charpoan/pico-sdk/src/rp2_common/hardware_gpio/gpio.c.obj
                0x00000000100006e4                gpio_init
 .text.hw_claim_or_assert
                0x0000000010000720       0x44 CMakeFiles/blink.dir/home/charpoan/pico-sdk/src/rp2_common/hardware_claim/claim.c.obj
                0x0000000010000720                hw_claim_or_assert
 .text.hw_claim_unused_from_range
                0x0000000010000764       0x9c CMakeFiles/blink.dir/home/charpoan/pico-sdk/src/rp2_common/hardware_claim/claim.c.obj
                0x0000000010000764                hw_claim_unused_from_range
 .text.running_on_fpga
                0x0000000010000800       0x10 CMakeFiles/blink.dir/home/charpoan/pico-sdk/src/rp2_common/pico_platform/platform.c.obj
                0x0000000010000800                running_on_fpga
 .text.spin_locks_reset
                0x0000000010000810       0x1c CMakeFiles/blink.dir/home/charpoan/pico-sdk/src/rp2_common/hardware_sync/sync.c.obj
                0x0000000010000810                spin_locks_reset
 .text.next_striped_spin_lock_num
                0x000000001000082c       0x18 CMakeFiles/blink.dir/home/charpoan/pico-sdk/src/rp2_common/hardware_sync/sync.c.obj
                0x000000001000082c                next_striped_spin_lock_num
 .text.spin_lock_claim_unused
                0x0000000010000844       0x20 CMakeFiles/blink.dir/home/charpoan/pico-sdk/src/rp2_common/hardware_sync/sync.c.obj
                0x0000000010000844                spin_lock_claim_unused
 .text.irq_set_enabled
                0x0000000010000864       0x24 CMakeFiles/blink.dir/home/charpoan/pico-sdk/src/rp2_common/hardware_irq/irq.c.obj
                0x0000000010000864                irq_set_enabled
 .text.irq_set_pending
                0x0000000010000888       0x10 CMakeFiles/blink.dir/home/charpoan/pico-sdk/src/rp2_common/hardware_irq/irq.c.obj
                0x0000000010000888                irq_set_pending
 .text.irq_has_shared_handler
                0x0000000010000898       0x2c CMakeFiles/blink.dir/home/charpoan/pico-sdk/src/rp2_common/hardware_irq/irq.c.obj
                0x0000000010000898                irq_has_shared_handler
 .text.irq_get_vtable_handler
                0x00000000100008c4       0x10 CMakeFiles/blink.dir/home/charpoan/pico-sdk/src/rp2_common/hardware_irq/irq.c.obj
                0x00000000100008c4                irq_get_vtable_handler
 .text.irq_set_exclusive_handler
                0x00000000100008d4       0x54 CMakeFiles/blink.dir/home/charpoan/pico-sdk/src/rp2_common/hardware_irq/irq.c.obj
                0x00000000100008d4                irq_set_exclusive_handler
 .text.irq_add_shared_handler
                0x0000000010000928      0x1e4 CMakeFiles/blink.dir/home/charpoan/pico-sdk/src/rp2_common/hardware_irq/irq.c.obj
                0x0000000010000928                irq_add_shared_handler
 .text.irq_remove_handler
                0x0000000010000b0c      0x1b4 CMakeFiles/blink.dir/home/charpoan/pico-sdk/src/rp2_common/hardware_irq/irq.c.obj
                0x0000000010000b0c                irq_remove_handler
 .text.irq_add_tail_to_free_list
                0x0000000010000cc0       0xb4 CMakeFiles/blink.dir/home/charpoan/pico-sdk/src/rp2_common/hardware_irq/irq.c.obj
                0x0000000010000cc0                irq_add_tail_to_free_list
 .text.irq_init_priorities
                0x0000000010000d74       0x24 CMakeFiles/blink.dir/home/charpoan/pico-sdk/src/rp2_common/hardware_irq/irq.c.obj
                0x0000000010000d74                irq_init_priorities
 .text.user_irq_claim_unused
                0x0000000010000d98       0x30 CMakeFiles/blink.dir/home/charpoan/pico-sdk/src/rp2_common/hardware_irq/irq.c.obj
                0x0000000010000d98                user_irq_claim_unused
 .text.lock_init
                0x0000000010000dc8       0x10 CMakeFiles/blink.dir/home/charpoan/pico-sdk/src/common/pico_sync/lock_core.c.obj
                0x0000000010000dc8                lock_init
 .text.timer_pool_entry_comparator
                0x0000000010000dd8       0x34 CMakeFiles/blink.dir/home/charpoan/pico-sdk/src/common/pico_time/time.c.obj
                0x0000000010000dd8                timer_pool_entry_comparator
 .text.sleep_until_callback
                0x0000000010000e0c       0x30 CMakeFiles/blink.dir/home/charpoan/pico-sdk/src/common/pico_time/time.c.obj
 .text.add_alarm_under_lock.isra.0
                0x0000000010000e3c      0x100 CMakeFiles/blink.dir/home/charpoan/pico-sdk/src/common/pico_time/time.c.obj
 .text.alarm_pool_alarm_callback
                0x0000000010000f3c      0x1c8 CMakeFiles/blink.dir/home/charpoan/pico-sdk/src/common/pico_time/time.c.obj
 .text.alarm_pool_add_alarm_at.constprop.0
                0x0000000010001104      0x11c CMakeFiles/blink.dir/home/charpoan/pico-sdk/src/common/pico_time/time.c.obj
 .text.alarm_pool_init_default
                0x0000000010001220       0x64 CMakeFiles/blink.dir/home/charpoan/pico-sdk/src/common/pico_time/time.c.obj
                0x0000000010001220                alarm_pool_init_default
 .text.alarm_pool_get_default
                0x0000000010001284        0x8 CMakeFiles/blink.dir/home/charpoan/pico-sdk/src/common/pico_time/time.c.obj
                0x0000000010001284                alarm_pool_get_default
 .text.alarm_pool_add_alarm_at
                0x000000001000128c      0x194 CMakeFiles/blink.dir/home/charpoan/pico-sdk/src/common/pico_time/time.c.obj
                0x000000001000128c                alarm_pool_add_alarm_at
 .text.sleep_until
                0x0000000010001420       0xac CMakeFiles/blink.dir/home/charpoan/pico-sdk/src/common/pico_time/time.c.obj
                0x0000000010001420                sleep_until
 .text.sleep_ms
                0x00000000100014cc       0x38 CMakeFiles/blink.dir/home/charpoan/pico-sdk/src/common/pico_time/time.c.obj
                0x00000000100014cc                sleep_ms
 .text.best_effort_wfe_or_timeout
                0x0000000010001504       0xd4 CMakeFiles/blink.dir/home/charpoan/pico-sdk/src/common/pico_time/time.c.obj
                0x0000000010001504                best_effort_wfe_or_timeout
 .text.hardware_alarm_irq_handler
                0x00000000100015d8       0xb8 CMakeFiles/blink.dir/home/charpoan/pico-sdk/src/rp2_common/hardware_timer/timer.c.obj
 .text.hardware_alarm_claim
                0x0000000010001690       0x18 CMakeFiles/blink.dir/home/charpoan/pico-sdk/src/rp2_common/hardware_timer/timer.c.obj
                0x0000000010001690                hardware_alarm_claim
 .text.time_us_64
                0x00000000100016a8       0x14 CMakeFiles/blink.dir/home/charpoan/pico-sdk/src/rp2_common/hardware_timer/timer.c.obj
                0x00000000100016a8                time_us_64
 .text.busy_wait_us
                0x00000000100016bc       0x54 CMakeFiles/blink.dir/home/charpoan/pico-sdk/src/rp2_common/hardware_timer/timer.c.obj
                0x00000000100016bc                busy_wait_us
 .text.busy_wait_until
                0x0000000010001710       0x20 CMakeFiles/blink.dir/home/charpoan/pico-sdk/src/rp2_common/hardware_timer/timer.c.obj
                0x0000000010001710                busy_wait_until
 .text.hardware_alarm_set_callback
                0x0000000010001730       0x8c CMakeFiles/blink.dir/home/charpoan/pico-sdk/src/rp2_common/hardware_timer/timer.c.obj
                0x0000000010001730                hardware_alarm_set_callback
 .text.hardware_alarm_set_target
                0x00000000100017bc       0xe0 CMakeFiles/blink.dir/home/charpoan/pico-sdk/src/rp2_common/hardware_timer/timer.c.obj
                0x00000000100017bc                hardware_alarm_set_target
 .text.hardware_alarm_cancel
                0x000000001000189c       0x3c CMakeFiles/blink.dir/home/charpoan/pico-sdk/src/rp2_common/hardware_timer/timer.c.obj
                0x000000001000189c                hardware_alarm_cancel
 .text.ph_merge_nodes
                0x00000000100018d8       0x68 CMakeFiles/blink.dir/home/charpoan/pico-sdk/src/common/pico_util/pheap.c.obj
 .text.ph_post_alloc_init
                0x0000000010001940       0x3c CMakeFiles/blink.dir/home/charpoan/pico-sdk/src/common/pico_util/pheap.c.obj
                0x0000000010001940                ph_post_alloc_init
 .text.ph_merge_two_pass
                0x000000001000197c       0x90 CMakeFiles/blink.dir/home/charpoan/pico-sdk/src/common/pico_util/pheap.c.obj
                0x000000001000197c                ph_merge_two_pass
 .text.ph_remove_any_head
                0x0000000010001a0c       0xf8 CMakeFiles/blink.dir/home/charpoan/pico-sdk/src/common/pico_util/pheap.c.obj
 .text.ph_remove_head
                0x0000000010001b04       0xfc CMakeFiles/blink.dir/home/charpoan/pico-sdk/src/common/pico_util/pheap.c.obj
                0x0000000010001b04                ph_remove_head
 .text.ph_remove_and_free_node
                0x0000000010001c00       0x7c CMakeFiles/blink.dir/home/charpoan/pico-sdk/src/common/pico_util/pheap.c.obj
                0x0000000010001c00                ph_remove_and_free_node
 .text.mutex_init
                0x0000000010001c7c       0x1c CMakeFiles/blink.dir/home/charpoan/pico-sdk/src/common/pico_sync/mutex.c.obj
                0x0000000010001c7c                mutex_init
 .text.recursive_mutex_init
                0x0000000010001c98       0x1c CMakeFiles/blink.dir/home/charpoan/pico-sdk/src/common/pico_sync/mutex.c.obj
                0x0000000010001c98                recursive_mutex_init
 .text.critical_section_init
                0x0000000010001cb4       0x20 CMakeFiles/blink.dir/home/charpoan/pico-sdk/src/common/pico_sync/critical_section.c.obj
                0x0000000010001cb4                critical_section_init
 .text.runtime_init
                0x0000000010001cd4       0xf0 CMakeFiles/blink.dir/home/charpoan/pico-sdk/src/rp2_common/pico_runtime/runtime.c.obj
                0x0000000010001cd4                runtime_init
 .text._sbrk    0x0000000010001dc4       0x34 CMakeFiles/blink.dir/home/charpoan/pico-sdk/src/rp2_common/pico_runtime/runtime.c.obj
                0x0000000010001dc4                _sbrk
 .text.exit     0x0000000010001df8        0x4 CMakeFiles/blink.dir/home/charpoan/pico-sdk/src/rp2_common/pico_runtime/runtime.c.obj
                0x0000000010001df8                exit
 .text.__assert_func
                0x0000000010001dfc       0x34 CMakeFiles/blink.dir/home/charpoan/pico-sdk/src/rp2_common/pico_runtime/runtime.c.obj
                0x0000000010001dfc                __assert_func
 .text.panic    0x0000000010001e30       0x30 CMakeFiles/blink.dir/home/charpoan/pico-sdk/src/rp2_common/pico_runtime/runtime.c.obj
                0x0000000010001e30                panic
 .text.hard_assertion_failure
                0x0000000010001e60        0xc CMakeFiles/blink.dir/home/charpoan/pico-sdk/src/rp2_common/pico_runtime/runtime.c.obj
                0x0000000010001e60                hard_assertion_failure
 .text.clocks_init
                0x0000000010001e6c      0x2bc CMakeFiles/blink.dir/home/charpoan/pico-sdk/src/rp2_common/hardware_clocks/clocks.c.obj
                0x0000000010001e6c                clocks_init
 .text.pll_init
                0x0000000010002128       0xb0 CMakeFiles/blink.dir/home/charpoan/pico-sdk/src/rp2_common/hardware_pll/pll.c.obj
                0x0000000010002128                pll_init
 .text.watchdog_start_tick
                0x00000000100021d8       0x10 CMakeFiles/blink.dir/home/charpoan/pico-sdk/src/rp2_common/hardware_watchdog/watchdog.c.obj
                0x00000000100021d8                watchdog_start_tick
 .text.watchdog_reboot
                0x00000000100021e8       0x98 CMakeFiles/blink.dir/home/charpoan/pico-sdk/src/rp2_common/hardware_watchdog/watchdog.c.obj
                0x00000000100021e8                watchdog_reboot
 .text.xosc_init
                0x0000000010002280       0x28 CMakeFiles/blink.dir/home/charpoan/pico-sdk/src/rp2_common/hardware_xosc/xosc.c.obj
                0x0000000010002280                xosc_init
 .text._out_buffer
                0x00000000100022a8        0x8 CMakeFiles/blink.dir/home/charpoan/pico-sdk/src/rp2_common/pico_printf/printf.c.obj
 .text._out_null
                0x00000000100022b0        0x4 CMakeFiles/blink.dir/home/charpoan/pico-sdk/src/rp2_common/pico_printf/printf.c.obj
 .text._out_rev
                0x00000000100022b4       0x9c CMakeFiles/blink.dir/home/charpoan/pico-sdk/src/rp2_common/pico_printf/printf.c.obj
 .text._ntoa_format
                0x0000000010002350      0x1cc CMakeFiles/blink.dir/home/charpoan/pico-sdk/src/rp2_common/pico_printf/printf.c.obj
 .text._out_char
                0x000000001000251c       0x10 CMakeFiles/blink.dir/home/charpoan/pico-sdk/src/rp2_common/pico_printf/printf.c.obj
 .text._out_fct
                0x000000001000252c       0x10 CMakeFiles/blink.dir/home/charpoan/pico-sdk/src/rp2_common/pico_printf/printf.c.obj
 .text._etoa    0x000000001000253c      0x44c CMakeFiles/blink.dir/home/charpoan/pico-sdk/src/rp2_common/pico_printf/printf.c.obj
 .text._ftoa    0x0000000010002988      0x398 CMakeFiles/blink.dir/home/charpoan/pico-sdk/src/rp2_common/pico_printf/printf.c.obj
 .text._vsnprintf
                0x0000000010002d20      0xb04 CMakeFiles/blink.dir/home/charpoan/pico-sdk/src/rp2_common/pico_printf/printf.c.obj
 .text.__wrap_sprintf
                0x0000000010003824       0x28 CMakeFiles/blink.dir/home/charpoan/pico-sdk/src/rp2_common/pico_printf/printf.c.obj
                0x0000000010003824                __wrap_sprintf
 .text.vfctprintf
                0x000000001000384c       0x20 CMakeFiles/blink.dir/home/charpoan/pico-sdk/src/rp2_common/pico_printf/printf.c.obj
                0x000000001000384c                vfctprintf
 .text.weak_raw_printf
                0x000000001000386c       0x40 CMakeFiles/blink.dir/home/charpoan/pico-sdk/src/rp2_common/pico_printf/printf.c.obj
                0x000000001000386c                weak_raw_printf
 .text.weak_raw_vprintf
                0x00000000100038ac       0x30 CMakeFiles/blink.dir/home/charpoan/pico-sdk/src/rp2_common/pico_printf/printf.c.obj
                0x00000000100038ac                weak_raw_vprintf
 .text          0x00000000100038dc       0x10 CMakeFiles/blink.dir/home/charpoan/pico-sdk/src/rp2_common/pico_bit_ops/bit_ops_aeabi.S.obj
 .text.rom_func_lookup
                0x00000000100038ec       0x10 CMakeFiles/blink.dir/home/charpoan/pico-sdk/src/rp2_common/pico_bootrom/bootrom.c.obj
                0x00000000100038ec                rom_func_lookup
 .text.rom_data_lookup
                0x00000000100038fc       0x10 CMakeFiles/blink.dir/home/charpoan/pico-sdk/src/rp2_common/pico_bootrom/bootrom.c.obj
                0x00000000100038fc                rom_data_lookup
 .text.rom_funcs_lookup
                0x000000001000390c       0x44 CMakeFiles/blink.dir/home/charpoan/pico-sdk/src/rp2_common/pico_bootrom/bootrom.c.obj
                0x000000001000390c                rom_funcs_lookup
 .text.__wrap___aeabi_idiv
                0x0000000010003950       0x50 CMakeFiles/blink.dir/home/charpoan/pico-sdk/src/rp2_common/pico_divider/divider.S.obj
                0x0000000010003950                __wrap___aeabi_idivmod
                0x0000000010003950                divmod_s32s32
                0x0000000010003950                div_s32s32
                0x0000000010003950                __wrap___aeabi_idiv
                0x0000000010003958                divmod_s32s32_unsafe
                0x0000000010003984                divmod_s32s32_savestate
 .text.__wrap___aeabi_uidiv
                0x00000000100039a0       0x4c CMakeFiles/blink.dir/home/charpoan/pico-sdk/src/rp2_common/pico_divider/divider.S.obj
                0x00000000100039a0                __wrap___aeabi_uidiv
                0x00000000100039a0                __wrap___aeabi_uidivmod
                0x00000000100039a0                div_u32u32
                0x00000000100039a0                divmod_u32u32
                0x00000000100039a8                divmod_u32u32_unsafe
                0x00000000100039d0                divmod_u32u32_savestate
 .text.__wrap___aeabi_ldiv
                0x00000000100039ec      0x434 CMakeFiles/blink.dir/home/charpoan/pico-sdk/src/rp2_common/pico_divider/divider.S.obj
                0x00000000100039ec                div_s64s64
                0x00000000100039ec                divmod_s64s64
                0x00000000100039ec                __wrap___aeabi_ldivmod
                0x0000000010003a24                div_u64u64
                0x0000000010003a24                divmod_u64u64
                0x0000000010003a24                __wrap___aeabi_uldivmod
                0x0000000010003a34                divmod_u64u64_savestate
                0x0000000010003a5c                divmod_s64s64_unsafe
                0x0000000010003ae4                divmod_u64u64_unsafe
 .text.__wrap___aeabi_darithmetic
                0x0000000010003e20       0x80 CMakeFiles/blink.dir/home/charpoan/pico-sdk/src/rp2_common/pico_double/double_aeabi.S.obj
                0x0000000010003e20                __wrap___aeabi_drsub
                0x0000000010003e26                __wrap___aeabi_dsub
                0x0000000010003e38                __wrap___aeabi_dadd
                0x0000000010003e4a                __wrap___aeabi_ddiv
                0x0000000010003e86                __wrap___aeabi_dmul
 .text.__wrap___aeabi_cdcmple
                0x0000000010003ea0       0x6c CMakeFiles/blink.dir/home/charpoan/pico-sdk/src/rp2_common/pico_double/double_aeabi.S.obj
                0x0000000010003ea0                __wrap___aeabi_cdrcmple
                0x0000000010003eb0                __wrap___aeabi_cdcmple
                0x0000000010003eb0                __wrap___aeabi_cdcmpeq
 .text.__wrap___aeabi_dcmpeq
                0x0000000010003f0c       0x10 CMakeFiles/blink.dir/home/charpoan/pico-sdk/src/rp2_common/pico_double/double_aeabi.S.obj
                0x0000000010003f0c                __wrap___aeabi_dcmpeq
 .text.__wrap___aeabi_dcmplt
                0x0000000010003f1c        0xc CMakeFiles/blink.dir/home/charpoan/pico-sdk/src/rp2_common/pico_double/double_aeabi.S.obj
                0x0000000010003f1c                __wrap___aeabi_dcmplt
 .text.__wrap___aeabi_dcmple
                0x0000000010003f28       0x10 CMakeFiles/blink.dir/home/charpoan/pico-sdk/src/rp2_common/pico_double/double_aeabi.S.obj
                0x0000000010003f28                __wrap___aeabi_dcmple
 .text.__wrap___aeabi_dcmpge
                0x0000000010003f38       0x10 CMakeFiles/blink.dir/home/charpoan/pico-sdk/src/rp2_common/pico_double/double_aeabi.S.obj
                0x0000000010003f38                __wrap___aeabi_dcmpge
 .text.__wrap___aeabi_dcmpgt
                0x0000000010003f48        0xa CMakeFiles/blink.dir/home/charpoan/pico-sdk/src/rp2_common/pico_double/double_aeabi.S.obj
                0x0000000010003f48                __wrap___aeabi_dcmpgt
 .text.__wrap___aeabi_dcmpun
                0x0000000010003f52       0x1c CMakeFiles/blink.dir/home/charpoan/pico-sdk/src/rp2_common/pico_double/double_aeabi.S.obj
                0x0000000010003f52                __wrap___aeabi_dcmpun
 *fill*         0x0000000010003f6e        0x2 
 .text.__wrap___aeabi_i2d
                0x0000000010003f70       0x38 CMakeFiles/blink.dir/home/charpoan/pico-sdk/src/rp2_common/pico_double/double_aeabi.S.obj
                0x0000000010003f70                __wrap___aeabi_ui2d
                0x0000000010003f78                __wrap___aeabi_i2d
 .text.__wrap___aeabi_d2iz
                0x0000000010003fa8       0x48 CMakeFiles/blink.dir/home/charpoan/pico-sdk/src/rp2_common/pico_double/double_aeabi.S.obj
                0x0000000010003fa8                __wrap___aeabi_d2iz
                0x0000000010003fa8                double2int_z
 .text.__wrap___aeabi_d2uiz
                0x0000000010003ff0       0x18 CMakeFiles/blink.dir/home/charpoan/pico-sdk/src/rp2_common/pico_double/double_aeabi.S.obj
                0x0000000010003ff0                double2uint
                0x0000000010003ff0                __wrap___aeabi_d2uiz
 .text.__wrap___aeabi_l2d
                0x0000000010004008       0x18 CMakeFiles/blink.dir/home/charpoan/pico-sdk/src/rp2_common/pico_double/double_aeabi.S.obj
                0x0000000010004008                __wrap___aeabi_l2d
 .text.__wrap___aeabi_d2lz
                0x0000000010004020       0x26 CMakeFiles/blink.dir/home/charpoan/pico-sdk/src/rp2_common/pico_double/double_aeabi.S.obj
                0x0000000010004020                __wrap___aeabi_d2lz
                0x0000000010004020                double2int64_z
 *fill*         0x0000000010004046        0x2 
 .text.double2int64
                0x0000000010004048       0x18 CMakeFiles/blink.dir/home/charpoan/pico-sdk/src/rp2_common/pico_double/double_aeabi.S.obj
                0x0000000010004048                double2int64
 .text.double2ufix64
                0x0000000010004060       0x18 CMakeFiles/blink.dir/home/charpoan/pico-sdk/src/rp2_common/pico_double/double_aeabi.S.obj
                0x0000000010004060                double2ufix64
 .text.__wrap___aeabi_d2f
                0x0000000010004078       0x18 CMakeFiles/blink.dir/home/charpoan/pico-sdk/src/rp2_common/pico_double/double_aeabi.S.obj
                0x0000000010004078                __wrap___aeabi_d2f
 .text.__aeabi_double_init
                0x0000000010004090       0x94 CMakeFiles/blink.dir/home/charpoan/pico-sdk/src/rp2_common/pico_double/double_init_rom.c.obj
                0x0000000010004090                __aeabi_double_init
 .text.double_table_shim_on_use_helper
                0x0000000010004124       0x2c CMakeFiles/blink.dir/home/charpoan/pico-sdk/src/rp2_common/pico_double/double_v1_rom_shim.S.obj
                0x0000000010004124                double_table_shim_on_use_helper
 .text.__wrap___aeabi_dsub
                0x0000000010004150       0x10 CMakeFiles/blink.dir/home/charpoan/pico-sdk/src/rp2_common/pico_double/double_v1_rom_shim.S.obj
                0x0000000010004150                drsub_shim
                0x0000000010004156                dsub_shim
 .text.dadd_shim
                0x0000000010004160      0x15c CMakeFiles/blink.dir/home/charpoan/pico-sdk/src/rp2_common/pico_double/double_v1_rom_shim.S.obj
                0x0000000010004160                dadd_shim
 .text.dmul_shim
                0x00000000100042bc      0x15c CMakeFiles/blink.dir/home/charpoan/pico-sdk/src/rp2_common/pico_double/double_v1_rom_shim.S.obj
                0x00000000100042bc                dmul_shim
 .text.ddiv_shim
                0x0000000010004418      0x1b0 CMakeFiles/blink.dir/home/charpoan/pico-sdk/src/rp2_common/pico_double/double_v1_rom_shim.S.obj
                0x0000000010004418                ddiv_shim
 .text.double2uint_shim
                0x00000000100045c8        0xe CMakeFiles/blink.dir/home/charpoan/pico-sdk/src/rp2_common/pico_double/double_v1_rom_shim.S.obj
                0x00000000100045c8                double2uint_shim
                0x00000000100045ca                double2ufix_shim
 .text.double2int64_shim
                0x00000000100045d6       0x1a CMakeFiles/blink.dir/home/charpoan/pico-sdk/src/rp2_common/pico_double/double_v1_rom_shim.S.obj
                0x00000000100045d6                double2int64_shim
                0x00000000100045d8                double2fix64_shim
 .text.double2uint64_shim
                0x00000000100045f0       0x70 CMakeFiles/blink.dir/home/charpoan/pico-sdk/src/rp2_common/pico_double/double_v1_rom_shim.S.obj
                0x00000000100045f0                double2uint64_shim
                0x00000000100045f2                double2ufix64_shim
                0x0000000010004612                d2fix_a
 .text.double2float_shim
                0x0000000010004660       0x5c CMakeFiles/blink.dir/home/charpoan/pico-sdk/src/rp2_common/pico_double/double_v1_rom_shim.S.obj
                0x0000000010004660                double2float_shim
 .text.x2double_shims
                0x00000000100046bc       0x90 CMakeFiles/blink.dir/home/charpoan/pico-sdk/src/rp2_common/pico_double/double_v1_rom_shim.S.obj
                0x00000000100046bc                uint2double_shim
                0x00000000100046be                ufix2double_shim
                0x00000000100046c4                int2double_shim
                0x00000000100046c6                fix2double_shim
                0x00000000100046cc                uint642double_shim
                0x00000000100046ce                ufix642double_shim
                0x00000000100046d4                int642double_shim
                0x00000000100046d6                fix642double_shim
 .text.dunpacks
                0x000000001000474c       0x3c CMakeFiles/blink.dir/home/charpoan/pico-sdk/src/rp2_common/pico_double/double_v1_rom_shim.S.obj
                0x000000001000474c                dunpacks
 .text.__aeabi_lmul
                0x0000000010004788       0x32 CMakeFiles/blink.dir/home/charpoan/pico-sdk/src/rp2_common/pico_int64_ops/pico_int64_ops_aeabi.S.obj
                0x0000000010004788                __wrap___aeabi_lmul
 *fill*         0x00000000100047ba        0x2 
 .text.__wrap___aeabi_farithmetic
                0x00000000100047bc       0x48 CMakeFiles/blink.dir/home/charpoan/pico-sdk/src/rp2_common/pico_float/float_aeabi.S.obj
                0x00000000100047bc                __wrap___aeabi_frsub
                0x00000000100047c2                __wrap___aeabi_fsub
                0x00000000100047c8                __wrap___aeabi_fadd
                0x00000000100047ce                __wrap___aeabi_fdiv
                0x00000000100047f6                __wrap___aeabi_fmul
 .text.__wrap___aeabi_cfcmple
                0x0000000010004804       0x50 CMakeFiles/blink.dir/home/charpoan/pico-sdk/src/rp2_common/pico_float/float_aeabi.S.obj
                0x0000000010004804                __wrap___aeabi_cfrcmple
                0x0000000010004810                __wrap___aeabi_cfcmpeq
                0x0000000010004810                __wrap___aeabi_cfcmple
 .text.__wrap___aeabi_fcmple
                0x0000000010004854       0x10 CMakeFiles/blink.dir/home/charpoan/pico-sdk/src/rp2_common/pico_float/float_aeabi.S.obj
                0x0000000010004854                __wrap___aeabi_fcmple
 .text.__wrap___aeabi_fcmpgt
                0x0000000010004864        0xa CMakeFiles/blink.dir/home/charpoan/pico-sdk/src/rp2_common/pico_float/float_aeabi.S.obj
                0x0000000010004864                __wrap___aeabi_fcmpgt
 .text.__wrap___aeabi_fcmpun
                0x000000001000486e       0x18 CMakeFiles/blink.dir/home/charpoan/pico-sdk/src/rp2_common/pico_float/float_aeabi.S.obj
                0x000000001000486e                __wrap___aeabi_fcmpun
 .text.__wrap___aeabi_ui2f
                0x0000000010004886        0xa CMakeFiles/blink.dir/home/charpoan/pico-sdk/src/rp2_common/pico_float/float_aeabi.S.obj
                0x0000000010004886                __wrap___aeabi_ui2f
 .text.__wrap___aeabi_i2f
                0x0000000010004890       0x44 CMakeFiles/blink.dir/home/charpoan/pico-sdk/src/rp2_common/pico_float/float_aeabi.S.obj
                0x0000000010004890                __wrap___aeabi_i2f
 .text.__wrap___aeabi_f2d
                0x00000000100048d4       0x14 CMakeFiles/blink.dir/home/charpoan/pico-sdk/src/rp2_common/pico_float/float_aeabi.S.obj
                0x00000000100048d4                __wrap___aeabi_f2d
 .text.__aeabi_float_init
                0x00000000100048e8       0x64 CMakeFiles/blink.dir/home/charpoan/pico-sdk/src/rp2_common/pico_float/float_init_rom.c.obj
                0x00000000100048e8                __aeabi_float_init
 .text.float_table_shim_on_use_helper
                0x000000001000494c       0x2c CMakeFiles/blink.dir/home/charpoan/pico-sdk/src/rp2_common/pico_float/float_v1_rom_shim.S.obj
                0x000000001000494c                float_table_shim_on_use_helper
 .text.float2double_shim
                0x0000000010004978       0x30 CMakeFiles/blink.dir/home/charpoan/pico-sdk/src/rp2_common/pico_float/float_v1_rom_shim.S.obj
                0x0000000010004978                float2double_shim
 .text          0x00000000100049a8       0x10 CMakeFiles/blink.dir/home/charpoan/pico-sdk/src/rp2_common/pico_mem_ops/mem_ops_aeabi.S.obj
                0x00000000100049a8                __aeabi_mem_init
 .text.memset   0x00000000100049b8        0xc CMakeFiles/blink.dir/home/charpoan/pico-sdk/src/rp2_common/pico_mem_ops/mem_ops_aeabi.S.obj
                0x00000000100049b8                __wrap_memset
 .text.memcpy   0x00000000100049c4        0xc CMakeFiles/blink.dir/home/charpoan/pico-sdk/src/rp2_common/pico_mem_ops/mem_ops_aeabi.S.obj
                0x00000000100049c4                __wrap___aeabi_memcpy
                0x00000000100049c4                __wrap_memcpy
 .text.stdio_out_chars_no_crlf
                0x00000000100049d0       0x10 CMakeFiles/blink.dir/home/charpoan/pico-sdk/src/rp2_common/pico_stdio/stdio.c.obj
 .text.stdio_out_chars_crlf
                0x00000000100049e0       0xb4 CMakeFiles/blink.dir/home/charpoan/pico-sdk/src/rp2_common/pico_stdio/stdio.c.obj
 .text.stdio_buffered_printer
                0x0000000010004a94       0x64 CMakeFiles/blink.dir/home/charpoan/pico-sdk/src/rp2_common/pico_stdio/stdio.c.obj
 .text.stdio_put_string.isra.0
                0x0000000010004af8       0xfc CMakeFiles/blink.dir/home/charpoan/pico-sdk/src/rp2_common/pico_stdio/stdio.c.obj
 .text.__wrap_putchar
                0x0000000010004bf4       0xa0 CMakeFiles/blink.dir/home/charpoan/pico-sdk/src/rp2_common/pico_stdio/stdio.c.obj
                0x0000000010004bf4                __wrap_putchar
 .text.__wrap_puts
                0x0000000010004c94       0x3c CMakeFiles/blink.dir/home/charpoan/pico-sdk/src/rp2_common/pico_stdio/stdio.c.obj
                0x0000000010004c94                __wrap_puts
 .text._read    0x0000000010004cd0       0x94 CMakeFiles/blink.dir/home/charpoan/pico-sdk/src/rp2_common/pico_stdio/stdio.c.obj
                0x0000000010004cd0                _read
 .text._write   0x0000000010004d64       0xb0 CMakeFiles/blink.dir/home/charpoan/pico-sdk/src/rp2_common/pico_stdio/stdio.c.obj
                0x0000000010004d64                _write
 .text.stdio_set_driver_enabled
                0x0000000010004e14       0x30 CMakeFiles/blink.dir/home/charpoan/pico-sdk/src/rp2_common/pico_stdio/stdio.c.obj
                0x0000000010004e14                stdio_set_driver_enabled
 .text.__wrap_vprintf
                0x0000000010004e44       0xd8 CMakeFiles/blink.dir/home/charpoan/pico-sdk/src/rp2_common/pico_stdio/stdio.c.obj
                0x0000000010004e44                __wrap_vprintf
 .text.__wrap_printf
                0x0000000010004f1c       0x18 CMakeFiles/blink.dir/home/charpoan/pico-sdk/src/rp2_common/pico_stdio/stdio.c.obj
                0x0000000010004f1c                __wrap_printf
 .text.stdio_init_all
                0x0000000010004f34        0x8 CMakeFiles/blink.dir/home/charpoan/pico-sdk/src/rp2_common/pico_stdio/stdio.c.obj
                0x0000000010004f34                stdio_init_all
 .text.resetd_init
                0x0000000010004f3c        0x4 CMakeFiles/blink.dir/home/charpoan/pico-sdk/src/rp2_common/pico_stdio_usb/reset_interface.c.obj
 .text.resetd_reset
                0x0000000010004f40        0xc CMakeFiles/blink.dir/home/charpoan/pico-sdk/src/rp2_common/pico_stdio_usb/reset_interface.c.obj
 .text.resetd_open
                0x0000000010004f4c       0x28 CMakeFiles/blink.dir/home/charpoan/pico-sdk/src/rp2_common/pico_stdio_usb/reset_interface.c.obj
 .text.resetd_xfer_cb
                0x0000000010004f74        0x4 CMakeFiles/blink.dir/home/charpoan/pico-sdk/src/rp2_common/pico_stdio_usb/reset_interface.c.obj
 .text.resetd_control_xfer_cb
                0x0000000010004f78       0x64 CMakeFiles/blink.dir/home/charpoan/pico-sdk/src/rp2_common/pico_stdio_usb/reset_interface.c.obj
 .text.usbd_app_driver_get_cb
                0x0000000010004fdc        0xc CMakeFiles/blink.dir/home/charpoan/pico-sdk/src/rp2_common/pico_stdio_usb/reset_interface.c.obj
                0x0000000010004fdc                usbd_app_driver_get_cb
 .text.tud_cdc_line_coding_cb
                0x0000000010004fe8       0x34 CMakeFiles/blink.dir/home/charpoan/pico-sdk/src/rp2_common/pico_stdio_usb/reset_interface.c.obj
                0x0000000010004fe8                tud_cdc_line_coding_cb
 .text.stdio_usb_in_chars
                0x000000001000501c       0x68 CMakeFiles/blink.dir/home/charpoan/pico-sdk/src/rp2_common/pico_stdio_usb/stdio_usb.c.obj
                0x000000001000501c                stdio_usb_in_chars
 .text.stdio_usb_out_chars
                0x0000000010005084       0xe4 CMakeFiles/blink.dir/home/charpoan/pico-sdk/src/rp2_common/pico_stdio_usb/stdio_usb.c.obj
 .text.timer_task
                0x0000000010005168       0x18 CMakeFiles/blink.dir/home/charpoan/pico-sdk/src/rp2_common/pico_stdio_usb/stdio_usb.c.obj
 .text.usb_irq  0x0000000010005180       0x10 CMakeFiles/blink.dir/home/charpoan/pico-sdk/src/rp2_common/pico_stdio_usb/stdio_usb.c.obj
 .text.low_priority_worker_irq
                0x0000000010005190       0x24 CMakeFiles/blink.dir/home/charpoan/pico-sdk/src/rp2_common/pico_stdio_usb/stdio_usb.c.obj
 .text.stdio_usb_init
                0x00000000100051b4       0xb0 CMakeFiles/blink.dir/home/charpoan/pico-sdk/src/rp2_common/pico_stdio_usb/stdio_usb.c.obj
                0x00000000100051b4                stdio_usb_init
 .text.tud_descriptor_device_cb
                0x0000000010005264        0x8 CMakeFiles/blink.dir/home/charpoan/pico-sdk/src/rp2_common/pico_stdio_usb/stdio_usb_descriptors.c.obj
                0x0000000010005264                tud_descriptor_device_cb
 .text.tud_descriptor_configuration_cb
                0x000000001000526c        0x8 CMakeFiles/blink.dir/home/charpoan/pico-sdk/src/rp2_common/pico_stdio_usb/stdio_usb_descriptors.c.obj
                0x000000001000526c                tud_descriptor_configuration_cb
 .text.tud_descriptor_string_cb
                0x0000000010005274       0x74 CMakeFiles/blink.dir/home/charpoan/pico-sdk/src/rp2_common/pico_stdio_usb/stdio_usb_descriptors.c.obj
                0x0000000010005274                tud_descriptor_string_cb
 .text.dcd_rp2040_irq
                0x00000000100052e8      0x21c CMakeFiles/blink.dir/home/charpoan/pico-sdk/lib/tinyusb/src/portable/raspberrypi/rp2040/dcd_rp2040.c.obj
 .text.dcd_int_enable
                0x0000000010005504        0xc CMakeFiles/blink.dir/home/charpoan/pico-sdk/lib/tinyusb/src/portable/raspberrypi/rp2040/dcd_rp2040.c.obj
                0x0000000010005504                dcd_int_enable
 .text.dcd_set_address
                0x0000000010005510       0x14 CMakeFiles/blink.dir/home/charpoan/pico-sdk/lib/tinyusb/src/portable/raspberrypi/rp2040/dcd_rp2040.c.obj
                0x0000000010005510                dcd_set_address
 .text.dcd_connect
                0x0000000010005524       0x10 CMakeFiles/blink.dir/home/charpoan/pico-sdk/lib/tinyusb/src/portable/raspberrypi/rp2040/dcd_rp2040.c.obj
                0x0000000010005524                dcd_connect
 .text.dcd_init
                0x0000000010005534      0x144 CMakeFiles/blink.dir/home/charpoan/pico-sdk/lib/tinyusb/src/portable/raspberrypi/rp2040/dcd_rp2040.c.obj
                0x0000000010005534                dcd_init
 .text.dcd_edpt0_status_complete
                0x0000000010005678       0x1c CMakeFiles/blink.dir/home/charpoan/pico-sdk/lib/tinyusb/src/portable/raspberrypi/rp2040/dcd_rp2040.c.obj
                0x0000000010005678                dcd_edpt0_status_complete
 .text.dcd_edpt_open
                0x0000000010005694       0xf0 CMakeFiles/blink.dir/home/charpoan/pico-sdk/lib/tinyusb/src/portable/raspberrypi/rp2040/dcd_rp2040.c.obj
                0x0000000010005694                dcd_edpt_open
 .text.dcd_edpt_close_all
                0x0000000010005784       0xbc CMakeFiles/blink.dir/home/charpoan/pico-sdk/lib/tinyusb/src/portable/raspberrypi/rp2040/dcd_rp2040.c.obj
                0x0000000010005784                dcd_edpt_close_all
 .text.dcd_edpt_xfer
                0x0000000010005840       0x24 CMakeFiles/blink.dir/home/charpoan/pico-sdk/lib/tinyusb/src/portable/raspberrypi/rp2040/dcd_rp2040.c.obj
                0x0000000010005840                dcd_edpt_xfer
 .text.dcd_edpt_stall
                0x0000000010005864       0x38 CMakeFiles/blink.dir/home/charpoan/pico-sdk/lib/tinyusb/src/portable/raspberrypi/rp2040/dcd_rp2040.c.obj
                0x0000000010005864                dcd_edpt_stall
 .text.dcd_edpt_clear_stall
                0x000000001000589c       0x30 CMakeFiles/blink.dir/home/charpoan/pico-sdk/lib/tinyusb/src/portable/raspberrypi/rp2040/dcd_rp2040.c.obj
                0x000000001000589c                dcd_edpt_clear_stall
 .text._hw_endpoint_buffer_control_update32.part.0.isra.0
                0x00000000100058cc       0x1c CMakeFiles/blink.dir/home/charpoan/pico-sdk/lib/tinyusb/src/portable/raspberrypi/rp2040/rp2040_usb.c.obj
 .text.rp2040_usb_init
                0x00000000100058e8       0x4c CMakeFiles/blink.dir/home/charpoan/pico-sdk/lib/tinyusb/src/portable/raspberrypi/rp2040/rp2040_usb.c.obj
                0x00000000100058e8                rp2040_usb_init
 .text.hw_endpoint_reset_transfer
                0x0000000010005934        0xc CMakeFiles/blink.dir/home/charpoan/pico-sdk/lib/tinyusb/src/portable/raspberrypi/rp2040/rp2040_usb.c.obj
                0x0000000010005934                hw_endpoint_reset_transfer
 .text._hw_endpoint_buffer_control_update32
                0x0000000010005940       0x44 CMakeFiles/blink.dir/home/charpoan/pico-sdk/lib/tinyusb/src/portable/raspberrypi/rp2040/rp2040_usb.c.obj
                0x0000000010005940                _hw_endpoint_buffer_control_update32
 .text.hw_endpoint_xfer_start
                0x0000000010005984      0x138 CMakeFiles/blink.dir/home/charpoan/pico-sdk/lib/tinyusb/src/portable/raspberrypi/rp2040/rp2040_usb.c.obj
                0x0000000010005984                hw_endpoint_xfer_start
 .text.hw_endpoint_xfer_continue
                0x0000000010005abc      0x1e4 CMakeFiles/blink.dir/home/charpoan/pico-sdk/lib/tinyusb/src/portable/raspberrypi/rp2040/rp2040_usb.c.obj
                0x0000000010005abc                hw_endpoint_xfer_continue
 .text.tud_mounted
                0x0000000010005ca0       0x10 CMakeFiles/blink.dir/home/charpoan/pico-sdk/lib/tinyusb/src/device/usbd.c.obj
                0x0000000010005ca0                tud_mounted
 .text.tud_suspended
                0x0000000010005cb0       0x10 CMakeFiles/blink.dir/home/charpoan/pico-sdk/lib/tinyusb/src/device/usbd.c.obj
                0x0000000010005cb0                tud_suspended
 .text.tud_inited
                0x0000000010005cc0        0xc CMakeFiles/blink.dir/home/charpoan/pico-sdk/lib/tinyusb/src/device/usbd.c.obj
                0x0000000010005cc0                tud_inited
 .text.tud_init
                0x0000000010005ccc       0xd8 CMakeFiles/blink.dir/home/charpoan/pico-sdk/lib/tinyusb/src/device/usbd.c.obj
                0x0000000010005ccc                tud_init
 .text.tud_task
                0x0000000010005da4      0x8ec CMakeFiles/blink.dir/home/charpoan/pico-sdk/lib/tinyusb/src/device/usbd.c.obj
                0x0000000010005da4                tud_task
 .text.dcd_event_bus_signal
                0x0000000010006690      0x120 CMakeFiles/blink.dir/home/charpoan/pico-sdk/lib/tinyusb/src/device/usbd.c.obj
                0x0000000010006690                dcd_event_bus_signal
 .text.dcd_event_bus_reset
                0x00000000100067b0       0x54 CMakeFiles/blink.dir/home/charpoan/pico-sdk/lib/tinyusb/src/device/usbd.c.obj
                0x00000000100067b0                dcd_event_bus_reset
 .text.dcd_event_setup_received
                0x0000000010006804       0x50 CMakeFiles/blink.dir/home/charpoan/pico-sdk/lib/tinyusb/src/device/usbd.c.obj
                0x0000000010006804                dcd_event_setup_received
 .text.dcd_event_xfer_complete
                0x0000000010006854       0x68 CMakeFiles/blink.dir/home/charpoan/pico-sdk/lib/tinyusb/src/device/usbd.c.obj
                0x0000000010006854                dcd_event_xfer_complete
 .text.usbd_open_edpt_pair
                0x00000000100068bc       0x80 CMakeFiles/blink.dir/home/charpoan/pico-sdk/lib/tinyusb/src/device/usbd.c.obj
                0x00000000100068bc                usbd_open_edpt_pair
 .text.usbd_edpt_open
                0x000000001000693c       0x30 CMakeFiles/blink.dir/home/charpoan/pico-sdk/lib/tinyusb/src/device/usbd.c.obj
                0x000000001000693c                usbd_edpt_open
 .text.usbd_edpt_claim
                0x000000001000696c       0x64 CMakeFiles/blink.dir/home/charpoan/pico-sdk/lib/tinyusb/src/device/usbd.c.obj
                0x000000001000696c                usbd_edpt_claim
 .text.usbd_edpt_release
                0x00000000100069d0       0x4c CMakeFiles/blink.dir/home/charpoan/pico-sdk/lib/tinyusb/src/device/usbd.c.obj
                0x00000000100069d0                usbd_edpt_release
 .text.usbd_edpt_xfer
                0x0000000010006a1c       0x48 CMakeFiles/blink.dir/home/charpoan/pico-sdk/lib/tinyusb/src/device/usbd.c.obj
                0x0000000010006a1c                usbd_edpt_xfer
 .text.tud_control_status
                0x0000000010006a64       0x30 CMakeFiles/blink.dir/home/charpoan/pico-sdk/lib/tinyusb/src/device/usbd_control.c.obj
                0x0000000010006a64                tud_control_status
 .text.tud_control_xfer
                0x0000000010006a94       0xbc CMakeFiles/blink.dir/home/charpoan/pico-sdk/lib/tinyusb/src/device/usbd_control.c.obj
                0x0000000010006a94                tud_control_xfer
 .text.usbd_control_reset
                0x0000000010006b50       0x14 CMakeFiles/blink.dir/home/charpoan/pico-sdk/lib/tinyusb/src/device/usbd_control.c.obj
                0x0000000010006b50                usbd_control_reset
 .text.usbd_control_set_complete_callback
                0x0000000010006b64        0xc CMakeFiles/blink.dir/home/charpoan/pico-sdk/lib/tinyusb/src/device/usbd_control.c.obj
                0x0000000010006b64                usbd_control_set_complete_callback
 .text.usbd_control_set_request
                0x0000000010006b70       0x1c CMakeFiles/blink.dir/home/charpoan/pico-sdk/lib/tinyusb/src/device/usbd_control.c.obj
                0x0000000010006b70                usbd_control_set_request
 .text.usbd_control_xfer_cb
                0x0000000010006b8c       0xfc CMakeFiles/blink.dir/home/charpoan/pico-sdk/lib/tinyusb/src/device/usbd_control.c.obj
                0x0000000010006b8c                usbd_control_xfer_cb
 .text.tud_cdc_n_connected
                0x0000000010006c88       0x30 CMakeFiles/blink.dir/home/charpoan/pico-sdk/lib/tinyusb/src/class/cdc/cdc_device.c.obj
                0x0000000010006c88                tud_cdc_n_connected
 .text.tud_cdc_n_available
                0x0000000010006cb8       0x18 CMakeFiles/blink.dir/home/charpoan/pico-sdk/lib/tinyusb/src/class/cdc/cdc_device.c.obj
                0x0000000010006cb8                tud_cdc_n_available
 .text.tud_cdc_n_read
                0x0000000010006cd0       0x70 CMakeFiles/blink.dir/home/charpoan/pico-sdk/lib/tinyusb/src/class/cdc/cdc_device.c.obj
                0x0000000010006cd0                tud_cdc_n_read
 .text.tud_cdc_n_write_flush
                0x0000000010006d40       0x78 CMakeFiles/blink.dir/home/charpoan/pico-sdk/lib/tinyusb/src/class/cdc/cdc_device.c.obj
                0x0000000010006d40                tud_cdc_n_write_flush
 .text.tud_cdc_n_write
                0x0000000010006db8       0x34 CMakeFiles/blink.dir/home/charpoan/pico-sdk/lib/tinyusb/src/class/cdc/cdc_device.c.obj
                0x0000000010006db8                tud_cdc_n_write
 .text.tud_cdc_n_write_available
                0x0000000010006dec       0x18 CMakeFiles/blink.dir/home/charpoan/pico-sdk/lib/tinyusb/src/class/cdc/cdc_device.c.obj
                0x0000000010006dec                tud_cdc_n_write_available
 .text.cdcd_init
                0x0000000010006e04       0x7c CMakeFiles/blink.dir/home/charpoan/pico-sdk/lib/tinyusb/src/class/cdc/cdc_device.c.obj
                0x0000000010006e04                cdcd_init
 .text.cdcd_reset
                0x0000000010006e80       0x2c CMakeFiles/blink.dir/home/charpoan/pico-sdk/lib/tinyusb/src/class/cdc/cdc_device.c.obj
                0x0000000010006e80                cdcd_reset
 .text.cdcd_open
                0x0000000010006eac       0xe4 CMakeFiles/blink.dir/home/charpoan/pico-sdk/lib/tinyusb/src/class/cdc/cdc_device.c.obj
                0x0000000010006eac                cdcd_open
 .text.cdcd_control_xfer_cb
                0x0000000010006f90       0xe4 CMakeFiles/blink.dir/home/charpoan/pico-sdk/lib/tinyusb/src/class/cdc/cdc_device.c.obj
                0x0000000010006f90                cdcd_control_xfer_cb
 .text.cdcd_xfer_cb
                0x0000000010007074      0x148 CMakeFiles/blink.dir/home/charpoan/pico-sdk/lib/tinyusb/src/class/cdc/cdc_device.c.obj
                0x0000000010007074                cdcd_xfer_cb
 .text.tusb_init
                0x00000000100071bc        0xc CMakeFiles/blink.dir/home/charpoan/pico-sdk/lib/tinyusb/src/tusb.c.obj
                0x00000000100071bc                tusb_init
 .text.tusb_inited
                0x00000000100071c8        0x8 CMakeFiles/blink.dir/home/charpoan/pico-sdk/lib/tinyusb/src/tusb.c.obj
                0x00000000100071c8                tusb_inited
 .text.tu_edpt_validate
                0x00000000100071d0       0x78 CMakeFiles/blink.dir/home/charpoan/pico-sdk/lib/tinyusb/src/tusb.c.obj
                0x00000000100071d0                tu_edpt_validate
 .text.tu_edpt_bind_driver
                0x0000000010007248       0x2c CMakeFiles/blink.dir/home/charpoan/pico-sdk/lib/tinyusb/src/tusb.c.obj
                0x0000000010007248                tu_edpt_bind_driver
 .text.tu_fifo_config
                0x0000000010007274       0x78 CMakeFiles/blink.dir/home/charpoan/pico-sdk/lib/tinyusb/src/common/tusb_fifo.c.obj
                0x0000000010007274                tu_fifo_config
 .text.tu_fifo_count
                0x00000000100072ec       0x20 CMakeFiles/blink.dir/home/charpoan/pico-sdk/lib/tinyusb/src/common/tusb_fifo.c.obj
                0x00000000100072ec                tu_fifo_count
 .text.tu_fifo_empty
                0x000000001000730c       0x10 CMakeFiles/blink.dir/home/charpoan/pico-sdk/lib/tinyusb/src/common/tusb_fifo.c.obj
                0x000000001000730c                tu_fifo_empty
 .text.tu_fifo_remaining
                0x000000001000731c       0x1c CMakeFiles/blink.dir/home/charpoan/pico-sdk/lib/tinyusb/src/common/tusb_fifo.c.obj
                0x000000001000731c                tu_fifo_remaining
 .text.tu_fifo_read
                0x0000000010007338       0x9c CMakeFiles/blink.dir/home/charpoan/pico-sdk/lib/tinyusb/src/common/tusb_fifo.c.obj
                0x0000000010007338                tu_fifo_read
 .text.tu_fifo_read_n
                0x00000000100073d4      0x100 CMakeFiles/blink.dir/home/charpoan/pico-sdk/lib/tinyusb/src/common/tusb_fifo.c.obj
                0x00000000100073d4                tu_fifo_read_n
 .text.tu_fifo_write
                0x00000000100074d4       0x7c CMakeFiles/blink.dir/home/charpoan/pico-sdk/lib/tinyusb/src/common/tusb_fifo.c.obj
                0x00000000100074d4                tu_fifo_write
 .text.tu_fifo_write_n
                0x0000000010007550      0x100 CMakeFiles/blink.dir/home/charpoan/pico-sdk/lib/tinyusb/src/common/tusb_fifo.c.obj
                0x0000000010007550                tu_fifo_write_n
 .text.tu_fifo_clear
                0x0000000010007650       0x4c CMakeFiles/blink.dir/home/charpoan/pico-sdk/lib/tinyusb/src/common/tusb_fifo.c.obj
                0x0000000010007650                tu_fifo_clear
 .text.tu_fifo_set_overwritable
                0x000000001000769c       0x3c CMakeFiles/blink.dir/home/charpoan/pico-sdk/lib/tinyusb/src/common/tusb_fifo.c.obj
                0x000000001000769c                tu_fifo_set_overwritable
 .text.startup._retrieve_unique_id_on_boot
                0x00000000100076d8       0x10 CMakeFiles/blink.dir/home/charpoan/pico-sdk/src/rp2_common/pico_unique_id/unique_id.c.obj
 .text.pico_get_unique_board_id_string
                0x00000000100076e8      0x1a8 CMakeFiles/blink.dir/home/charpoan/pico-sdk/src/rp2_common/pico_unique_id/unique_id.c.obj
                0x00000000100076e8                pico_get_unique_board_id_string
 .text.flash_get_unique_id
                0x0000000010007890       0x40 CMakeFiles/blink.dir/home/charpoan/pico-sdk/src/rp2_common/hardware_flash/flash.c.obj
                0x0000000010007890                flash_get_unique_id
 .text.adc_init
                0x00000000100078d0       0x38 CMakeFiles/blink.dir/home/charpoan/pico-sdk/src/rp2_common/hardware_adc/adc.c.obj
                0x00000000100078d0                adc_init
 .text          0x0000000010007908       0x5c /usr/lib/gcc/arm-none-eabi/10.3.1/../../../arm-none-eabi/lib/thumb/v6-m/nofp/libc.a(lib_a-callocr.o)
                0x0000000010007908                _calloc_r
 .text          0x0000000010007964      0x1c0 /usr/lib/gcc/arm-none-eabi/10.3.1/../../../arm-none-eabi/lib/thumb/v6-m/nofp/libc.a(lib_a-fflush.o)
                0x0000000010007964                __sflush_r
                0x0000000010007aa4                _fflush_r
                0x0000000010007ad0                fflush
 .text          0x0000000010007b24      0x248 /usr/lib/gcc/arm-none-eabi/10.3.1/../../../arm-none-eabi/lib/thumb/v6-m/nofp/libc.a(lib_a-findfp.o)
                0x0000000010007b28                _cleanup_r
                0x0000000010007c24                __sfmoreglue
                0x0000000010007c54                __sfp
                0x0000000010007d04                _cleanup
                0x0000000010007d1c                __sinit
                0x0000000010007d2c                __sfp_lock_acquire
                0x0000000010007d30                __sfp_lock_release
                0x0000000010007d34                __sinit_lock_acquire
                0x0000000010007d38                __sinit_lock_release
                0x0000000010007d3c                __fp_lock_all
                0x0000000010007d54                __fp_unlock_all
 .text          0x0000000010007d6c      0x260 /usr/lib/gcc/arm-none-eabi/10.3.1/../../../arm-none-eabi/lib/thumb/v6-m/nofp/libc.a(lib_a-freer.o)
                0x0000000010007d6c                _malloc_trim_r
                0x0000000010007e08                _free_r
 .text          0x0000000010007fcc       0x88 /usr/lib/gcc/arm-none-eabi/10.3.1/../../../arm-none-eabi/lib/thumb/v6-m/nofp/libc.a(lib_a-fwalk.o)
                0x0000000010007fcc                _fwalk
                0x000000001000800c                _fwalk_reent
 .text          0x0000000010008054      0x574 /usr/lib/gcc/arm-none-eabi/10.3.1/../../../arm-none-eabi/lib/thumb/v6-m/nofp/libc.a(lib_a-mallocr.o)
                0x0000000010008054                _malloc_r
 .text          0x00000000100085c8        0x8 /usr/lib/gcc/arm-none-eabi/10.3.1/../../../arm-none-eabi/lib/thumb/v6-m/nofp/libc.a(lib_a-mlock.o)
                0x00000000100085c8                __malloc_lock
                0x00000000100085cc                __malloc_unlock
 .text          0x00000000100085d0      0x354 /usr/lib/gcc/arm-none-eabi/10.3.1/../../../arm-none-eabi/lib/thumb/v6-m/nofp/libc.a(lib_a-reallocr.o)
                0x00000000100085d0                _realloc_r
 .text          0x0000000010008924       0x24 /usr/lib/gcc/arm-none-eabi/10.3.1/../../../arm-none-eabi/lib/thumb/v6-m/nofp/libc.a(lib_a-sbrkr.o)
                0x0000000010008924                _sbrk_r
 .text          0x0000000010008948       0x40 /usr/lib/gcc/arm-none-eabi/10.3.1/../../../arm-none-eabi/lib/thumb/v6-m/nofp/libc.a(lib_a-scanf.o)
                0x0000000010008948                scanf
                0x000000001000896c                _scanf_r
 .text          0x0000000010008988       0xa4 /usr/lib/gcc/arm-none-eabi/10.3.1/../../../arm-none-eabi/lib/thumb/v6-m/nofp/libc.a(lib_a-stdio.o)
                0x0000000010008988                __sread
                0x00000000100089b0                __seofread
                0x00000000100089b4                __swrite
                0x00000000100089f4                __sseek
                0x0000000010008a20                __sclose
 .text          0x0000000010008a2c       0x5c /usr/lib/gcc/arm-none-eabi/10.3.1/../../../arm-none-eabi/lib/thumb/v6-m/nofp/libc.a(lib_a-strlen-stub.o)
                0x0000000010008a2c                strlen
 .text          0x0000000010008a88      0xfe0 /usr/lib/gcc/arm-none-eabi/10.3.1/../../../arm-none-eabi/lib/thumb/v6-m/nofp/libc.a(lib_a-vfscanf.o)
                0x0000000010008a88                __svfscanf_r
                0x00000000100099f8                vfscanf
                0x0000000010009a28                __svfscanf
                0x0000000010009a40                _vfscanf_r
 .text          0x0000000010009a68       0x28 /usr/lib/gcc/arm-none-eabi/10.3.1/../../../arm-none-eabi/lib/thumb/v6-m/nofp/libc.a(lib_a-writer.o)
                0x0000000010009a68                _write_r
 .text          0x0000000010009a90       0x24 /usr/lib/gcc/arm-none-eabi/10.3.1/../../../arm-none-eabi/lib/thumb/v6-m/nofp/libc.a(lib_a-closer.o)
                0x0000000010009a90                _close_r
 .text          0x0000000010009ab4       0xe8 /usr/lib/gcc/arm-none-eabi/10.3.1/../../../arm-none-eabi/lib/thumb/v6-m/nofp/libc.a(lib_a-fclose.o)
                0x0000000010009b24                _fclose_r
                0x0000000010009b5c                fclose
 .text          0x0000000010009b9c      0x190 /usr/lib/gcc/arm-none-eabi/10.3.1/../../../arm-none-eabi/lib/thumb/v6-m/nofp/libc.a(lib_a-fread.o)
                0x0000000010009b9c                _fread_r
                0x0000000010009d0c                fread
 .text          0x0000000010009d2c        0xc /usr/lib/gcc/arm-none-eabi/10.3.1/../../../arm-none-eabi/lib/thumb/v6-m/nofp/libc.a(lib_a-iswspace.o)
                0x0000000010009d2c                iswspace
 .text          0x0000000010009d38       0x18 /usr/lib/gcc/arm-none-eabi/10.3.1/../../../arm-none-eabi/lib/thumb/v6-m/nofp/libc.a(lib_a-iswspace_l.o)
                0x0000000010009d38                iswspace_l
 .text          0x0000000010009d50       0x98 /usr/lib/gcc/arm-none-eabi/10.3.1/../../../arm-none-eabi/lib/thumb/v6-m/nofp/libc.a(lib_a-locale.o)
                0x0000000010009d50                _setlocale_r
                0x0000000010009d94                __locale_mb_cur_max
                0x0000000010009da4                setlocale
 .text          0x0000000010009de8       0x14 /usr/lib/gcc/arm-none-eabi/10.3.1/../../../arm-none-eabi/lib/thumb/v6-m/nofp/libc.a(lib_a-localeconv.o)
                0x0000000010009de8                __localeconv_l
                0x0000000010009dec                _localeconv_r
                0x0000000010009df4                localeconv
 .text          0x0000000010009dfc       0x28 /usr/lib/gcc/arm-none-eabi/10.3.1/../../../arm-none-eabi/lib/thumb/v6-m/nofp/libc.a(lib_a-lseekr.o)
                0x0000000010009dfc                _lseek_r
 .text          0x0000000010009e24       0x9c /usr/lib/gcc/arm-none-eabi/10.3.1/../../../arm-none-eabi/lib/thumb/v6-m/nofp/libc.a(lib_a-mbrtowc.o)
                0x0000000010009e24                _mbrtowc_r
                0x0000000010009e70                mbrtowc
 .text          0x0000000010009ec0       0x44 /usr/lib/gcc/arm-none-eabi/10.3.1/../../../arm-none-eabi/lib/thumb/v6-m/nofp/libc.a(lib_a-mbtowc_r.o)
                0x0000000010009ec0                _mbtowc_r
                0x0000000010009ed8                __ascii_mbtowc
 .text          0x0000000010009f04       0x28 /usr/lib/gcc/arm-none-eabi/10.3.1/../../../arm-none-eabi/lib/thumb/v6-m/nofp/libc.a(lib_a-readr.o)
                0x0000000010009f04                _read_r
 .text          0x0000000010009f2c      0x140 /usr/lib/gcc/arm-none-eabi/10.3.1/../../../arm-none-eabi/lib/thumb/v6-m/nofp/libc.a(lib_a-refill.o)
                0x0000000010009f48                __srefill_r
 .text          0x000000001000a06c       0x80 /usr/lib/gcc/arm-none-eabi/10.3.1/../../../arm-none-eabi/lib/thumb/v6-m/nofp/libc.a(lib_a-sccl.o)
                0x000000001000a06c                __sccl
 .text          0x000000001000a0ec        0x8 /usr/lib/gcc/arm-none-eabi/10.3.1/../../../arm-none-eabi/lib/thumb/v6-m/nofp/libc.a(lib_a-sf_nan.o)
                0x000000001000a0ec                nanf
 .text          0x000000001000a0f4       0x88 /usr/lib/gcc/arm-none-eabi/10.3.1/../../../arm-none-eabi/lib/thumb/v6-m/nofp/libc.a(lib_a-strcmp.o)
                0x000000001000a0f4                strcmp
 .text          0x000000001000a17c     0x1128 /usr/lib/gcc/arm-none-eabi/10.3.1/../../../arm-none-eabi/lib/thumb/v6-m/nofp/libc.a(lib_a-strtod.o)
                0x000000001000a17c                _strtod_l
                0x000000001000b0fc                _strtod_r
                0x000000001000b10c                strtod_l
                0x000000001000b124                strtod
                0x000000001000b140                strtof_l
                0x000000001000b1f0                strtof
 .text          0x000000001000b2a4      0x1b8 /usr/lib/gcc/arm-none-eabi/10.3.1/../../../arm-none-eabi/lib/thumb/v6-m/nofp/libc.a(lib_a-strtol.o)
                0x000000001000b3e8                _strtol_r
                0x000000001000b404                strtol_l
                0x000000001000b430                strtol
 .text          0x000000001000b45c      0x1d0 /usr/lib/gcc/arm-none-eabi/10.3.1/../../../arm-none-eabi/lib/thumb/v6-m/nofp/libc.a(lib_a-strtoll.o)
                0x000000001000b5f4                _strtoll_r
                0x000000001000b5fc                strtoll_l
                0x000000001000b614                strtoll
 .text          0x000000001000b62c      0x180 /usr/lib/gcc/arm-none-eabi/10.3.1/../../../arm-none-eabi/lib/thumb/v6-m/nofp/libc.a(lib_a-strtoul.o)
                0x000000001000b774                _strtoul_r
                0x000000001000b77c                strtoul_l
                0x000000001000b794                strtoul
 .text          0x000000001000b7ac      0x1f4 /usr/lib/gcc/arm-none-eabi/10.3.1/../../../arm-none-eabi/lib/thumb/v6-m/nofp/libc.a(lib_a-strtoull.o)
                0x000000001000b968                _strtoull_r
                0x000000001000b970                strtoull_l
                0x000000001000b988                strtoull
 .text          0x000000001000b9a0      0x188 /usr/lib/gcc/arm-none-eabi/10.3.1/../../../arm-none-eabi/lib/thumb/v6-m/nofp/libc.a(lib_a-ungetc.o)
                0x000000001000b9a0                __submore
                0x000000001000ba24                _ungetc_r
                0x000000001000bb10                ungetc
 .text          0x000000001000bb28       0x2c /usr/lib/gcc/arm-none-eabi/10.3.1/../../../arm-none-eabi/lib/thumb/v6-m/nofp/libc.a(lib_a-wctomb_r.o)
                0x000000001000bb28                _wctomb_r
                0x000000001000bb38                __ascii_wctomb
 .text          0x000000001000bb54        0xc /usr/lib/gcc/arm-none-eabi/10.3.1/../../../arm-none-eabi/lib/thumb/v6-m/nofp/libc.a(lib_a-errno.o)
                0x000000001000bb54                __errno
 .text          0x000000001000bb60      0x670 /usr/lib/gcc/arm-none-eabi/10.3.1/../../../arm-none-eabi/lib/thumb/v6-m/nofp/libc.a(lib_a-gdtoa-gethex.o)
                0x000000001000bc04                __gethex
 .text          0x000000001000c1d0      0x1fc /usr/lib/gcc/arm-none-eabi/10.3.1/../../../arm-none-eabi/lib/thumb/v6-m/nofp/libc.a(lib_a-gdtoa-hexnan.o)
                0x000000001000c1d0                __match
                0x000000001000c1fc                __hexnan
 .text          0x000000001000c3cc      0x144 /usr/lib/gcc/arm-none-eabi/10.3.1/../../../arm-none-eabi/lib/thumb/v6-m/nofp/libc.a(lib_a-makebuf.o)
                0x000000001000c3cc                __smakebuf_r
                0x000000001000c4b0                __swhatbuf_r
 .text          0x000000001000c510      0xafc /usr/lib/gcc/arm-none-eabi/10.3.1/../../../arm-none-eabi/lib/thumb/v6-m/nofp/libc.a(lib_a-mprec.o)
                0x000000001000c510                _Balloc
                0x000000001000c560                _Bfree
                0x000000001000c574                __multadd
                0x000000001000c61c                __s2b
                0x000000001000c6cc                __hi0bits
                0x000000001000c704                __lo0bits
                0x000000001000c760                __i2b
                0x000000001000c7c0                __multiply
                0x000000001000c964                __pow5mult
                0x000000001000ca3c                __lshift
                0x000000001000cb38                __mcmp
                0x000000001000cb6c                __mdiff
                0x000000001000ccf8                __ulp
                0x000000001000cd40                __b2d
                0x000000001000ce08                __d2b
                0x000000001000cee0                __ratio
                0x000000001000cf48                _mprec_log10
                0x000000001000cf7c                __copybits
                0x000000001000cfbc                __any_on
 .text          0x000000001000d00c        0xc /usr/lib/gcc/arm-none-eabi/10.3.1/../../../arm-none-eabi/lib/thumb/v6-m/nofp/libc.a(lib_a-s_nan.o)
                0x000000001000d00c                nan
 .text          0x000000001000d018       0x74 /usr/lib/gcc/arm-none-eabi/10.3.1/../../../arm-none-eabi/lib/thumb/v6-m/nofp/libc.a(lib_a-strncmp.o)
                0x000000001000d018                strncmp
 .text          0x000000001000d08c       0x28 /usr/lib/gcc/arm-none-eabi/10.3.1/../../../arm-none-eabi/lib/thumb/v6-m/nofp/libc.a(lib_a-fstatr.o)
                0x000000001000d08c                _fstat_r
 .text          0x000000001000d0b4       0x24 /usr/lib/gcc/arm-none-eabi/10.3.1/../../../arm-none-eabi/lib/thumb/v6-m/nofp/libc.a(lib_a-isattyr.o)
                0x000000001000d0b4                _isatty_r
 .text          0x000000001000d0d8       0x10 /usr/lib/gcc/arm-none-eabi/10.3.1/../../../arm-none-eabi/lib/thumb/v6-m/nofp/libnosys.a(close.o)
                0x000000001000d0d8                _close
 .text          0x000000001000d0e8       0x10 /usr/lib/gcc/arm-none-eabi/10.3.1/../../../arm-none-eabi/lib/thumb/v6-m/nofp/libnosys.a(fstat.o)
                0x000000001000d0e8                _fstat
 .text          0x000000001000d0f8       0x10 /usr/lib/gcc/arm-none-eabi/10.3.1/../../../arm-none-eabi/lib/thumb/v6-m/nofp/libnosys.a(isatty.o)
                0x000000001000d0f8                _isatty
 .text          0x000000001000d108       0x10 /usr/lib/gcc/arm-none-eabi/10.3.1/../../../arm-none-eabi/lib/thumb/v6-m/nofp/libnosys.a(lseek.o)
                0x000000001000d108                _lseek
 *(.fini)
 .fini          0x000000001000d118        0x4 /usr/lib/gcc/arm-none-eabi/10.3.1/thumb/v6-m/nofp/crti.o
                0x000000001000d118                _fini
 *fill*         0x000000001000d11c        0x4 
 .fini.__stub   0x000000001000d120       0x80 linker stubs
 *crtbegin.o(.ctors)
 *crtbegin?.o(.ctors)
 *(EXCLUDE_FILE(*crtend.o *crtend?.o) .ctors)
 *(SORT_BY_NAME(.ctors.*))
 *(.ctors)
 *crtbegin.o(.dtors)
 *crtbegin?.o(.dtors)
 *(EXCLUDE_FILE(*crtend.o *crtend?.o) .dtors)
 *(SORT_BY_NAME(.dtors.*))
 *(.dtors)
 *(.eh_frame*)
 .eh_frame      0x000000001000d1a0        0x0 /usr/lib/gcc/arm-none-eabi/10.3.1/thumb/v6-m/nofp/crtbegin.o
                0x000000001000d1a0                . = ALIGN (0x4)

.glue_7         0x000000001000d1a0        0x0
 .glue_7        0x000000001000d1a0        0x0 linker stubs

.glue_7t        0x000000001000d1a0        0x0
 .glue_7t       0x000000001000d1a0        0x0 linker stubs

.vfp11_veneer   0x000000001000d1a0        0x0
 .vfp11_veneer  0x000000001000d1a0        0x0 linker stubs

.v4_bx          0x000000001000d1a0        0x0
 .v4_bx         0x000000001000d1a0        0x0 linker stubs

.iplt           0x000000001000d1a0        0x0
 .iplt          0x000000001000d1a0        0x0 /usr/lib/gcc/arm-none-eabi/10.3.1/thumb/v6-m/nofp/crtbegin.o

.rodata         0x000000001000d1a0      0xe60
 *(EXCLUDE_FILE(*libm.a: *libc.a:*lib_a-mem*.o *libgcc.a:) .rodata*)
 .rodata._Z12MotorControlv.str1.4
                0x000000001000d1a0       0x11 CMakeFiles/blink.dir/main.cpp.obj
 *fill*         0x000000001000d1b1        0x3 
 .rodata.spin_lock_claim_unused.str1.4
                0x000000001000d1b4       0x1b CMakeFiles/blink.dir/home/charpoan/pico-sdk/src/rp2_common/hardware_sync/sync.c.obj
 *fill*         0x000000001000d1cf        0x1 
 .rodata.user_irq_claim_unused.str1.4
                0x000000001000d1d0       0x1b CMakeFiles/blink.dir/home/charpoan/pico-sdk/src/rp2_common/hardware_irq/irq.c.obj
 *fill*         0x000000001000d1eb        0x5 
 .rodata.at_the_end_of_time
                0x000000001000d1f0        0x8 CMakeFiles/blink.dir/home/charpoan/pico-sdk/src/common/pico_time/time.c.obj
                0x000000001000d1f0                at_the_end_of_time
 .rodata.hardware_alarm_claim.str1.4
                0x000000001000d1f8       0x22 CMakeFiles/blink.dir/home/charpoan/pico-sdk/src/rp2_common/hardware_timer/timer.c.obj
 *fill*         0x000000001000d21a        0x2 
 .rodata.__assert_func.str1.4
                0x000000001000d21c       0x3f CMakeFiles/blink.dir/home/charpoan/pico-sdk/src/rp2_common/pico_runtime/runtime.c.obj
                                         0x43 (size before relaxing)
 *fill*         0x000000001000d25b        0x1 
 .rodata.panic.str1.4
                0x000000001000d25c       0x10 CMakeFiles/blink.dir/home/charpoan/pico-sdk/src/rp2_common/pico_runtime/runtime.c.obj
                                         0x12 (size before relaxing)
 .rodata.hard_assertion_failure.str1.4
                0x000000001000d26c        0xc CMakeFiles/blink.dir/home/charpoan/pico-sdk/src/rp2_common/pico_runtime/runtime.c.obj
 .rodata._ftoa.str1.4
                0x000000001000d278       0x15 CMakeFiles/blink.dir/home/charpoan/pico-sdk/src/rp2_common/pico_printf/printf.c.obj
 *fill*         0x000000001000d28d        0x3 
 .rodata._vsnprintf
                0x000000001000d290      0x1e0 CMakeFiles/blink.dir/home/charpoan/pico-sdk/src/rp2_common/pico_printf/printf.c.obj
 .rodata.pow10.0
                0x000000001000d470       0x50 CMakeFiles/blink.dir/home/charpoan/pico-sdk/src/rp2_common/pico_printf/printf.c.obj
 .rodata.str1.4
                0x000000001000d4c0       0x3c CMakeFiles/blink.dir/home/charpoan/pico-sdk/src/rp2_common/pico_standard_link/binary_info.c.obj
 .rodata.__bi_44
                0x000000001000d4fc        0xc CMakeFiles/blink.dir/home/charpoan/pico-sdk/src/rp2_common/pico_standard_link/binary_info.c.obj
 .rodata.__bi_75
                0x000000001000d508        0xc CMakeFiles/blink.dir/home/charpoan/pico-sdk/src/rp2_common/pico_standard_link/binary_info.c.obj
 .rodata.__bi_81
                0x000000001000d514        0xc CMakeFiles/blink.dir/home/charpoan/pico-sdk/src/rp2_common/pico_standard_link/binary_info.c.obj
 .rodata.crlf_str.0
                0x000000001000d520        0x2 CMakeFiles/blink.dir/home/charpoan/pico-sdk/src/rp2_common/pico_stdio/stdio.c.obj
 *fill*         0x000000001000d522        0x2 
 .rodata._resetd_driver
                0x000000001000d524       0x18 CMakeFiles/blink.dir/home/charpoan/pico-sdk/src/rp2_common/pico_stdio_usb/reset_interface.c.obj
 .rodata.str1.4
                0x000000001000d53c       0x13 CMakeFiles/blink.dir/home/charpoan/pico-sdk/src/rp2_common/pico_stdio_usb/stdio_usb.c.obj
 *fill*         0x000000001000d54f        0x1 
 .rodata.__bi_118.0
                0x000000001000d550        0xc CMakeFiles/blink.dir/home/charpoan/pico-sdk/src/rp2_common/pico_stdio_usb/stdio_usb.c.obj
 .rodata.str1.4
                0x000000001000d55c       0x2a CMakeFiles/blink.dir/home/charpoan/pico-sdk/src/rp2_common/pico_stdio_usb/stdio_usb_descriptors.c.obj
 *fill*         0x000000001000d586        0x2 
 .rodata.usbd_desc_cfg
                0x000000001000d588       0x54 CMakeFiles/blink.dir/home/charpoan/pico-sdk/src/rp2_common/pico_stdio_usb/stdio_usb_descriptors.c.obj
 .rodata.usbd_desc_device
                0x000000001000d5dc       0x12 CMakeFiles/blink.dir/home/charpoan/pico-sdk/src/rp2_common/pico_stdio_usb/stdio_usb_descriptors.c.obj
 *fill*         0x000000001000d5ee        0x2 
 .rodata.usbd_desc_str
                0x000000001000d5f0       0x18 CMakeFiles/blink.dir/home/charpoan/pico-sdk/src/rp2_common/pico_stdio_usb/stdio_usb_descriptors.c.obj
 .rodata.dcd_rp2040_irq.str1.4
                0x000000001000d608       0x14 CMakeFiles/blink.dir/home/charpoan/pico-sdk/lib/tinyusb/src/portable/raspberrypi/rp2040/dcd_rp2040.c.obj
 .rodata._hw_endpoint_buffer_control_update32.part.0.isra.0.str1.4
                0x000000001000d61c       0x1f CMakeFiles/blink.dir/home/charpoan/pico-sdk/lib/tinyusb/src/portable/raspberrypi/rp2040/rp2040_usb.c.obj
 *fill*         0x000000001000d63b        0x1 
 .rodata.hw_endpoint_xfer_continue.str1.4
                0x000000001000d63c       0x29 CMakeFiles/blink.dir/home/charpoan/pico-sdk/lib/tinyusb/src/portable/raspberrypi/rp2040/rp2040_usb.c.obj
 *fill*         0x000000001000d665        0x3 
 .rodata.str1.4
                0x000000001000d668        0x7 CMakeFiles/blink.dir/home/charpoan/pico-sdk/lib/tinyusb/src/portable/raspberrypi/rp2040/rp2040_usb.c.obj
 *fill*         0x000000001000d66f        0x1 
 .rodata.tud_task
                0x000000001000d670       0x8c CMakeFiles/blink.dir/home/charpoan/pico-sdk/lib/tinyusb/src/device/usbd.c.obj
 .rodata._usbd_driver
                0x000000001000d6fc       0x18 CMakeFiles/blink.dir/home/charpoan/pico-sdk/lib/tinyusb/src/device/usbd.c.obj
 .rodata        0x000000001000d714        0x4 /usr/lib/gcc/arm-none-eabi/10.3.1/../../../arm-none-eabi/lib/thumb/v6-m/nofp/libc.a(lib_a-impure.o)
                0x000000001000d714                _global_impure_ptr
 .rodata.str1.4
                0x000000001000d718        0x5 /usr/lib/gcc/arm-none-eabi/10.3.1/../../../arm-none-eabi/lib/thumb/v6-m/nofp/libc.a(lib_a-vfscanf.o)
                                          0x9 (size before relaxing)
 *fill*         0x000000001000d71d        0x3 
 .rodata        0x000000001000d720      0x3e6 /usr/lib/gcc/arm-none-eabi/10.3.1/../../../arm-none-eabi/lib/thumb/v6-m/nofp/libc.a(lib_a-vfscanf.o)
 *fill*         0x000000001000db06        0x2 
 .rodata        0x000000001000db08      0x101 /usr/lib/gcc/arm-none-eabi/10.3.1/../../../arm-none-eabi/lib/thumb/v6-m/nofp/libc.a(lib_a-ctype_.o)
                0x000000001000db08                _ctype_
 *fill*         0x000000001000dc09        0x3 
 .rodata.str1.4
                0x000000001000dc0c        0xa /usr/lib/gcc/arm-none-eabi/10.3.1/../../../arm-none-eabi/lib/thumb/v6-m/nofp/libc.a(lib_a-locale.o)
                                         0x12 (size before relaxing)
 .rodata.str1.4
                0x000000001000dc16        0x1 /usr/lib/gcc/arm-none-eabi/10.3.1/../../../arm-none-eabi/lib/thumb/v6-m/nofp/libc.a(lib_a-mbrtowc.o)
 *fill*         0x000000001000dc16        0x2 
 .rodata.str1.4
                0x000000001000dc18        0xf /usr/lib/gcc/arm-none-eabi/10.3.1/../../../arm-none-eabi/lib/thumb/v6-m/nofp/libc.a(lib_a-strtod.o)
                                         0x11 (size before relaxing)
 *fill*         0x000000001000dc27        0x1 
 .rodata        0x000000001000dc28      0x120 /usr/lib/gcc/arm-none-eabi/10.3.1/../../../arm-none-eabi/lib/thumb/v6-m/nofp/libc.a(lib_a-strtod.o)
 .rodata.str1.4
                0x000000001000dd48       0x4e /usr/lib/gcc/arm-none-eabi/10.3.1/../../../arm-none-eabi/lib/thumb/v6-m/nofp/libc.a(lib_a-gdtoa-gethex.o)
 *fill*         0x000000001000dd96        0x2 
 .rodata        0x000000001000dd98      0x100 /usr/lib/gcc/arm-none-eabi/10.3.1/../../../arm-none-eabi/lib/thumb/v6-m/nofp/libc.a(lib_a-gdtoa-gethex.o)
                0x000000001000dd98                __hexdig
 .rodata.str1.4
                0x000000001000de98        0x5 /usr/lib/gcc/arm-none-eabi/10.3.1/../../../arm-none-eabi/lib/thumb/v6-m/nofp/libc.a(lib_a-lnumeric.o)
 .rodata        0x000000001000de98        0xc /usr/lib/gcc/arm-none-eabi/10.3.1/../../../arm-none-eabi/lib/thumb/v6-m/nofp/libc.a(lib_a-lnumeric.o)
                0x000000001000de98                _C_numeric_locale
 .rodata.str1.4
                0x000000001000dea4       0x33 /usr/lib/gcc/arm-none-eabi/10.3.1/../../../arm-none-eabi/lib/thumb/v6-m/nofp/libc.a(lib_a-mprec.o)
                                         0x47 (size before relaxing)
 *fill*         0x000000001000ded7        0x1 
 .rodata        0x000000001000ded8      0x128 /usr/lib/gcc/arm-none-eabi/10.3.1/../../../arm-none-eabi/lib/thumb/v6-m/nofp/libc.a(lib_a-mprec.o)
                0x000000001000dee8                __mprec_tinytens
                0x000000001000df10                __mprec_bigtens
                0x000000001000df38                __mprec_tens
                0x000000001000e000                . = ALIGN (0x4)
 *(SORT_BY_ALIGNMENT(SORT_BY_NAME(.flashdata*)))
                0x000000001000e000                . = ALIGN (0x4)

.rel.dyn        0x000000001000e000        0x0
 .rel.iplt      0x000000001000e000        0x0 /usr/lib/gcc/arm-none-eabi/10.3.1/thumb/v6-m/nofp/crtbegin.o

.ARM.extab
 *(.ARM.extab* .gnu.linkonce.armextab.*)
                0x000000001000e000                __exidx_start = .

.ARM.exidx
 *(.ARM.exidx* .gnu.linkonce.armexidx.*)
                0x000000001000e000                __exidx_end = .
                0x000000001000e000                . = ALIGN (0x4)
                0x000000001000e000                __binary_info_start = .

.binary_info    0x000000001000e000       0x20
 *(.binary_info.keep.*)
 .binary_info.keep.__bi_ptr22
                0x000000001000e000        0x4 CMakeFiles/blink.dir/home/charpoan/pico-sdk/src/rp2_common/pico_standard_link/binary_info.c.obj
 .binary_info.keep.__bi_ptr30
                0x000000001000e004        0x4 CMakeFiles/blink.dir/home/charpoan/pico-sdk/src/rp2_common/pico_standard_link/binary_info.c.obj
 .binary_info.keep.__bi_ptr38
                0x000000001000e008        0x4 CMakeFiles/blink.dir/home/charpoan/pico-sdk/src/rp2_common/pico_standard_link/binary_info.c.obj
 .binary_info.keep.__bi_ptr44
                0x000000001000e00c        0x4 CMakeFiles/blink.dir/home/charpoan/pico-sdk/src/rp2_common/pico_standard_link/binary_info.c.obj
 .binary_info.keep.__bi_ptr50
                0x000000001000e010        0x4 CMakeFiles/blink.dir/home/charpoan/pico-sdk/src/rp2_common/pico_standard_link/binary_info.c.obj
 .binary_info.keep.__bi_ptr75
                0x000000001000e014        0x4 CMakeFiles/blink.dir/home/charpoan/pico-sdk/src/rp2_common/pico_standard_link/binary_info.c.obj
 .binary_info.keep.__bi_ptr81
                0x000000001000e018        0x4 CMakeFiles/blink.dir/home/charpoan/pico-sdk/src/rp2_common/pico_standard_link/binary_info.c.obj
 *(.binary_info.*)
 .binary_info.__bi_ptr118
                0x000000001000e01c        0x4 CMakeFiles/blink.dir/home/charpoan/pico-sdk/src/rp2_common/pico_stdio_usb/stdio_usb.c.obj
                0x000000001000e020                __binary_info_end = .
                0x000000001000e020                . = ALIGN (0x4)
                0x000000001000e020                __etext = .

.ram_vector_table
                0x0000000020000000       0xc0
 *(.ram_vector_table)
 .ram_vector_table
                0x0000000020000000       0xc0 CMakeFiles/blink.dir/home/charpoan/pico-sdk/src/rp2_common/pico_runtime/runtime.c.obj
                0x0000000020000000                ram_vector_table

.data           0x00000000200000c0      0xe28 load address 0x000000001000e020
                0x00000000200000c0                __data_start__ = .
 *(vtable)
 *(.time_critical*)
 .time_critical.mutex_enter_blocking
                0x00000000200000c0       0x48 CMakeFiles/blink.dir/home/charpoan/pico-sdk/src/common/pico_sync/mutex.c.obj
                0x00000000200000c0                mutex_enter_blocking
 .time_critical.mutex_try_enter
                0x0000000020000108       0x44 CMakeFiles/blink.dir/home/charpoan/pico-sdk/src/common/pico_sync/mutex.c.obj
                0x0000000020000108                mutex_try_enter
 .time_critical.mutex_enter_timeout_ms
                0x000000002000014c       0xa0 CMakeFiles/blink.dir/home/charpoan/pico-sdk/src/common/pico_sync/mutex.c.obj
                0x000000002000014c                mutex_enter_timeout_ms
 .time_critical.mutex_exit
                0x00000000200001ec       0x28 CMakeFiles/blink.dir/home/charpoan/pico-sdk/src/common/pico_sync/mutex.c.obj
                0x00000000200001ec                mutex_exit
 .time_critical.flash_init_boot2_copyout
                0x0000000020000214       0x30 CMakeFiles/blink.dir/home/charpoan/pico-sdk/src/rp2_common/hardware_flash/flash.c.obj
 .time_critical.flash_enable_xip_via_boot2
                0x0000000020000244       0x10 CMakeFiles/blink.dir/home/charpoan/pico-sdk/src/rp2_common/hardware_flash/flash.c.obj
 .time_critical.flash_cs_force
                0x0000000020000254       0x38 CMakeFiles/blink.dir/home/charpoan/pico-sdk/src/rp2_common/hardware_flash/flash.c.obj
 .time_critical.flash_do_cmd
                0x000000002000028c       0xc4 CMakeFiles/blink.dir/home/charpoan/pico-sdk/src/rp2_common/hardware_flash/flash.c.obj
                0x000000002000028c                flash_do_cmd
 *(.text*)
 .text          0x0000000020000350        0x4 /usr/lib/gcc/arm-none-eabi/10.3.1/thumb/v6-m/nofp/libgcc.a(_dvmd_tls.o)
                0x0000000020000350                __aeabi_ldiv0
                0x0000000020000350                __aeabi_idiv0
 .text          0x0000000020000354       0xac /usr/lib/gcc/arm-none-eabi/10.3.1/../../../arm-none-eabi/lib/thumb/v6-m/nofp/libc.a(lib_a-memmove.o)
                0x0000000020000354                memmove
 .text.__stub   0x0000000020000400       0x30 linker stubs
                0x0000000020000430                . = ALIGN (0x4)
 *(.rodata*)
                0x0000000020000430                . = ALIGN (0x4)
 *(.data*)
 .data.striped_spin_lock_num
                0x0000000020000430        0x1 CMakeFiles/blink.dir/home/charpoan/pico-sdk/src/rp2_common/hardware_sync/sync.c.obj
 *fill*         0x0000000020000431        0x3 
 .data          0x0000000020000434       0x48 CMakeFiles/blink.dir/home/charpoan/pico-sdk/src/rp2_common/hardware_irq/irq_handler_chain.S.obj
                0x0000000020000434                irq_handler_chain_slots
                0x0000000020000464                irq_handler_chain_first_slot
                0x000000002000046e                irq_handler_chain_remove_tail
 .data.default_alarm_pool
                0x000000002000047c       0x18 CMakeFiles/blink.dir/home/charpoan/pico-sdk/src/common/pico_time/time.c.obj
 .data.default_alarm_pool_heap
                0x0000000020000494       0x10 CMakeFiles/blink.dir/home/charpoan/pico-sdk/src/common/pico_time/time.c.obj
 *fill*         0x00000000200004a4        0xc 
 .data.aeabi_bits_funcs
                0x00000000200004b0       0x10 CMakeFiles/blink.dir/home/charpoan/pico-sdk/src/rp2_common/pico_bit_ops/bit_ops_aeabi.S.obj
                0x00000000200004b0                aeabi_bits_funcs
                0x00000000200004c0                aeabi_bits_funcs_end
 .data.aeabi_mem_funcs
                0x00000000200004c0       0x10 CMakeFiles/blink.dir/home/charpoan/pico-sdk/src/rp2_common/pico_mem_ops/mem_ops_aeabi.S.obj
                0x00000000200004c0                aeabi_mem_funcs
                0x00000000200004d0                aeabi_mem_funcs_end
 .data.stdio_usb
                0x00000000200004d0       0x14 CMakeFiles/blink.dir/home/charpoan/pico-sdk/src/rp2_common/pico_stdio_usb/stdio_usb.c.obj
                0x00000000200004d0                stdio_usb
 .data.ep_dir_string
                0x00000000200004e4        0x8 CMakeFiles/blink.dir/home/charpoan/pico-sdk/lib/tinyusb/src/portable/raspberrypi/rp2040/rp2040_usb.c.obj
                0x00000000200004e4                ep_dir_string
 .data._usbd_qdef
                0x00000000200004ec       0x24 CMakeFiles/blink.dir/home/charpoan/pico-sdk/lib/tinyusb/src/device/usbd.c.obj
                0x00000000200004ec                _usbd_qdef
 .data          0x0000000020000510      0x430 /usr/lib/gcc/arm-none-eabi/10.3.1/../../../arm-none-eabi/lib/thumb/v6-m/nofp/libc.a(lib_a-impure.o)
                0x0000000020000510                _impure_ptr
 .data          0x0000000020000940      0x410 /usr/lib/gcc/arm-none-eabi/10.3.1/../../../arm-none-eabi/lib/thumb/v6-m/nofp/libc.a(lib_a-mallocr.o)
                0x0000000020000940                __malloc_sbrk_base
                0x0000000020000944                __malloc_trim_threshold
                0x0000000020000948                __malloc_av_
 .data          0x0000000020000d50      0x16c /usr/lib/gcc/arm-none-eabi/10.3.1/../../../arm-none-eabi/lib/thumb/v6-m/nofp/libc.a(lib_a-locale.o)
                0x0000000020000d50                __global_locale
 .data          0x0000000020000ebc        0x2 /usr/lib/gcc/arm-none-eabi/10.3.1/../../../arm-none-eabi/lib/thumb/v6-m/nofp/libc.a(lib_a-lnumeric.o)
                0x0000000020000ec0                . = ALIGN (0x4)
 *fill*         0x0000000020000ebe        0x2 
 *(.after_data.*)
                0x0000000020000ec0                . = ALIGN (0x4)
                0x0000000020000ec0                PROVIDE (__mutex_array_start = .)
 *(SORT_BY_NAME(.mutex_array.*))
 *(.mutex_array)
 .mutex_array   0x0000000020000ec0        0x8 CMakeFiles/blink.dir/home/charpoan/pico-sdk/src/rp2_common/pico_malloc/pico_malloc.c.obj
 .mutex_array   0x0000000020000ec8        0x8 CMakeFiles/blink.dir/home/charpoan/pico-sdk/src/rp2_common/pico_stdio/stdio.c.obj
                0x0000000020000ed0                PROVIDE (__mutex_array_end = .)
                0x0000000020000ed0                . = ALIGN (0x4)
                0x0000000020000ed0                PROVIDE (__preinit_array_start = .)
 *(SORT_BY_NAME(.preinit_array.*))
 .preinit_array.00001
                0x0000000020000ed0        0x4 CMakeFiles/blink.dir/home/charpoan/pico-sdk/src/rp2_common/pico_mem_ops/mem_ops_aeabi.S.obj
 .preinit_array.00010
                0x0000000020000ed4        0x4 CMakeFiles/blink.dir/home/charpoan/pico-sdk/src/rp2_common/pico_bit_ops/bit_ops_aeabi.S.obj
 .preinit_array.00020
                0x0000000020000ed8        0x4 CMakeFiles/blink.dir/home/charpoan/pico-sdk/src/rp2_common/pico_double/double_aeabi.S.obj
 .preinit_array.00020
                0x0000000020000edc        0x4 CMakeFiles/blink.dir/home/charpoan/pico-sdk/src/rp2_common/pico_float/float_aeabi.S.obj
 *(.preinit_array)
                0x0000000020000ee0                PROVIDE (__preinit_array_end = .)
                0x0000000020000ee0                . = ALIGN (0x4)
                0x0000000020000ee0                PROVIDE (__init_array_start = .)
 *(SORT_BY_NAME(.init_array.*))
 *(.init_array)
 .init_array    0x0000000020000ee0        0x4 /usr/lib/gcc/arm-none-eabi/10.3.1/thumb/v6-m/nofp/crtbegin.o
 .init_array    0x0000000020000ee4        0x4 CMakeFiles/blink.dir/home/charpoan/pico-sdk/src/rp2_common/pico_unique_id/unique_id.c.obj
                0x0000000020000ee8                PROVIDE (__init_array_end = .)
                0x0000000020000ee8                . = ALIGN (0x4)
                0x0000000020000ee8                PROVIDE (__fini_array_start = .)
 *(SORT_BY_NAME(.fini_array.*))
 *(.fini_array)
                0x0000000020000ee8                PROVIDE (__fini_array_end = .)
 *(.jcr)
                0x0000000020000ee8                . = ALIGN (0x4)
                0x0000000020000ee8                __data_end__ = .

.tm_clone_table
                0x0000000020000ee8        0x0 load address 0x000000001000ee48
 .tm_clone_table
                0x0000000020000ee8        0x0 /usr/lib/gcc/arm-none-eabi/10.3.1/thumb/v6-m/nofp/crtbegin.o
 .tm_clone_table
                0x0000000020000ee8        0x0 /usr/lib/gcc/arm-none-eabi/10.3.1/thumb/v6-m/nofp/crtend.o

.igot.plt       0x0000000020000ee8        0x0 load address 0x000000001000ee48
 .igot.plt      0x0000000020000ee8        0x0 /usr/lib/gcc/arm-none-eabi/10.3.1/thumb/v6-m/nofp/crtbegin.o

.uninitialized_data
                0x0000000020000ee8        0x0 load address 0x000000001000ee48
                0x0000000020000ee8                . = ALIGN (0x4)
 *(.uninitialized_data*)

.scratch_x      0x0000000020040000        0x0 load address 0x000000001000ee48
                0x0000000020040000                __scratch_x_start__ = .
 *(.scratch_x.*)
                0x0000000020040000                . = ALIGN (0x4)
                0x0000000020040000                __scratch_x_end__ = .
                0x000000001000ee48                __scratch_x_source__ = LOADADDR (.scratch_x)

.scratch_y      0x0000000020041000        0x0 load address 0x000000001000ee48
                0x0000000020041000                __scratch_y_start__ = .
 *(.scratch_y.*)
                0x0000000020041000                . = ALIGN (0x4)
                0x0000000020041000                __scratch_y_end__ = .
                0x000000001000ee48                __scratch_y_source__ = LOADADDR (.scratch_y)

.bss            0x0000000020000ee8      0xdc4
                0x0000000020000ee8                . = ALIGN (0x4)
                0x0000000020000ee8                __bss_start__ = .
 *(SORT_BY_ALIGNMENT(SORT_BY_NAME(.bss*)))
 .bss.default_alarm_pool_entries
                0x0000000020000ee8      0x100 CMakeFiles/blink.dir/home/charpoan/pico-sdk/src/common/pico_time/time.c.obj
 .bss.last_avail_time.1
                0x0000000020000fe8        0x8 CMakeFiles/blink.dir/home/charpoan/pico-sdk/src/rp2_common/pico_stdio_usb/stdio_usb.c.obj
 .bss.sd_table  0x0000000020000ff0      0x100 CMakeFiles/blink.dir/home/charpoan/pico-sdk/src/rp2_common/pico_double/double_init_rom.c.obj
                0x0000000020000ff0                sd_table
 .bss.sf_table  0x00000000200010f0      0x100 CMakeFiles/blink.dir/home/charpoan/pico-sdk/src/rp2_common/pico_float/float_init_rom.c.obj
                0x00000000200010f0                sf_table
 .bss           0x00000000200011f0       0x1c /usr/lib/gcc/arm-none-eabi/10.3.1/thumb/v6-m/nofp/crtbegin.o
 .bss           0x000000002000120c       0x34 /usr/lib/gcc/arm-none-eabi/10.3.1/../../../arm-none-eabi/lib/thumb/v6-m/nofp/libc.a(lib_a-mallocr.o)
                0x000000002000120c                __malloc_top_pad
                0x0000000020001210                __malloc_current_mallinfo
                0x0000000020001238                __malloc_max_sbrked_mem
                0x000000002000123c                __malloc_max_total_mem
 .bss           0x0000000020001240        0x4 /usr/lib/gcc/arm-none-eabi/10.3.1/../../../arm-none-eabi/lib/thumb/v6-m/nofp/libc.a(lib_a-reent.o)
                0x0000000020001240                errno
 .bss._app_driver
                0x0000000020001244        0x4 CMakeFiles/blink.dir/home/charpoan/pico-sdk/lib/tinyusb/src/device/usbd.c.obj
 .bss._cdcd_itf
                0x0000000020001248      0x2d8 CMakeFiles/blink.dir/home/charpoan/pico-sdk/lib/tinyusb/src/class/cdc/cdc_device.c.obj
 .bss._ctrl_xfer
                0x0000000020001520       0x14 CMakeFiles/blink.dir/home/charpoan/pico-sdk/lib/tinyusb/src/device/usbd_control.c.obj
 .bss._ubsd_mutexdef
                0x0000000020001534        0x8 CMakeFiles/blink.dir/home/charpoan/pico-sdk/lib/tinyusb/src/device/usbd.c.obj
 .bss._usbd_ctrl_buf
                0x000000002000153c       0x40 CMakeFiles/blink.dir/home/charpoan/pico-sdk/lib/tinyusb/src/device/usbd_control.c.obj
 .bss._usbd_dev
                0x000000002000157c       0x53 CMakeFiles/blink.dir/home/charpoan/pico-sdk/lib/tinyusb/src/device/usbd.c.obj
 *fill*         0x00000000200015cf        0x1 
 .bss._usbd_mutex
                0x00000000200015d0        0x4 CMakeFiles/blink.dir/home/charpoan/pico-sdk/lib/tinyusb/src/device/usbd.c.obj